###############################################################################
#
# IAR ELF Linker V7.50.1.10123/W32 for ARM                11/Jan/2016  10:54:44
# Copyright 2007-2015 IAR Systems AB.
#
#    Output file  =  
#        C:\projects\Spitfire\Embedded\Dev\PSS-PSoC\FEC2_PSoC_V02_prjct.cydsn\Debug\Exe\FEC3.out
#    Map file     =  
#        C:\projects\Spitfire\Embedded\Dev\PSS-PSoC\FEC2_PSoC_V02_prjct.cydsn\Debug\List\FEC3.map
#    Command line =  
#        C:\projects\Spitfire\Embedded\Dev\PSS-PSoC\FEC2_PSoC_V02_prjct.cydsn\Debug\Obj\Aanlog_IO_ISRs.o
#        C:\projects\Spitfire\Embedded\Dev\PSS-PSoC\FEC2_PSoC_V02_prjct.cydsn\Debug\Obj\Analog_IO_Module_Handler.o
#        C:\projects\Spitfire\Embedded\Dev\PSS-PSoC\FEC2_PSoC_V02_prjct.cydsn\Debug\Obj\Board_Supply_voltage.o
#        C:\projects\Spitfire\Embedded\Dev\PSS-PSoC\FEC2_PSoC_V02_prjct.cydsn\Debug\Obj\Board_Type_Sel_Reg.o
#        C:\projects\Spitfire\Embedded\Dev\PSS-PSoC\FEC2_PSoC_V02_prjct.cydsn\Debug\Obj\Bootloadable.o
#        C:\projects\Spitfire\Embedded\Dev\PSS-PSoC\FEC2_PSoC_V02_prjct.cydsn\Debug\Obj\Bridge_current_FB_CH1.o
#        C:\projects\Spitfire\Embedded\Dev\PSS-PSoC\FEC2_PSoC_V02_prjct.cydsn\Debug\Obj\Bridge_H_S_out_CH1.o
#        C:\projects\Spitfire\Embedded\Dev\PSS-PSoC\FEC2_PSoC_V02_prjct.cydsn\Debug\Obj\Bridge_H_S_out_CH2.o
#        C:\projects\Spitfire\Embedded\Dev\PSS-PSoC\FEC2_PSoC_V02_prjct.cydsn\Debug\Obj\Bridge_L_S_out_CH1.o
#        C:\projects\Spitfire\Embedded\Dev\PSS-PSoC\FEC2_PSoC_V02_prjct.cydsn\Debug\Obj\Bridge_L_S_out_CH2.o
#        C:\projects\Spitfire\Embedded\Dev\PSS-PSoC\FEC2_PSoC_V02_prjct.cydsn\Debug\Obj\Clock_2.o
#        C:\projects\Spitfire\Embedded\Dev\PSS-PSoC\FEC2_PSoC_V02_prjct.cydsn\Debug\Obj\Clock_3.o
#        C:\projects\Spitfire\Embedded\Dev\PSS-PSoC\FEC2_PSoC_V02_prjct.cydsn\Debug\Obj\Clock_4.o
#        C:\projects\Spitfire\Embedded\Dev\PSS-PSoC\FEC2_PSoC_V02_prjct.cydsn\Debug\Obj\Clock_5.o
#        C:\projects\Spitfire\Embedded\Dev\PSS-PSoC\FEC2_PSoC_V02_prjct.cydsn\Debug\Obj\Clock_6.o
#        C:\projects\Spitfire\Embedded\Dev\PSS-PSoC\FEC2_PSoC_V02_prjct.cydsn\Debug\Obj\Cm3Start.o
#        C:\projects\Spitfire\Embedded\Dev\PSS-PSoC\FEC2_PSoC_V02_prjct.cydsn\Debug\Obj\Communications_Handler.o
#        C:\projects\Spitfire\Embedded\Dev\PSS-PSoC\FEC2_PSoC_V02_prjct.cydsn\Debug\Obj\CSAB_1.o
#        C:\projects\Spitfire\Embedded\Dev\PSS-PSoC\FEC2_PSoC_V02_prjct.cydsn\Debug\Obj\CSAB_1_IsCurrent.o
#        C:\projects\Spitfire\Embedded\Dev\PSS-PSoC\FEC2_PSoC_V02_prjct.cydsn\Debug\Obj\CSAB_1_IsCurrent_PM.o
#        C:\projects\Spitfire\Embedded\Dev\PSS-PSoC\FEC2_PSoC_V02_prjct.cydsn\Debug\Obj\CSAB_1_Main_DMA_dma.o
#        C:\projects\Spitfire\Embedded\Dev\PSS-PSoC\FEC2_PSoC_V02_prjct.cydsn\Debug\Obj\CSAB_1_Peak_DMA_dma.o
#        C:\projects\Spitfire\Embedded\Dev\PSS-PSoC\FEC2_PSoC_V02_prjct.cydsn\Debug\Obj\CSAB_1_Store_Peak_DMA_dma.o
#        C:\projects\Spitfire\Embedded\Dev\PSS-PSoC\FEC2_PSoC_V02_prjct.cydsn\Debug\Obj\CSAB_1_Store_Zero_DMA_dma.o
#        C:\projects\Spitfire\Embedded\Dev\PSS-PSoC\FEC2_PSoC_V02_prjct.cydsn\Debug\Obj\CSAB_1_Zero_DMA_dma.o
#        C:\projects\Spitfire\Embedded\Dev\PSS-PSoC\FEC2_PSoC_V02_prjct.cydsn\Debug\Obj\Current_Sensor_1.o
#        C:\projects\Spitfire\Embedded\Dev\PSS-PSoC\FEC2_PSoC_V02_prjct.cydsn\Debug\Obj\Current_Sensor_2.o
#        C:\projects\Spitfire\Embedded\Dev\PSS-PSoC\FEC2_PSoC_V02_prjct.cydsn\Debug\Obj\CyBootAsmIar.o
#        C:\projects\Spitfire\Embedded\Dev\PSS-PSoC\FEC2_PSoC_V02_prjct.cydsn\Debug\Obj\cybootloader.o
#        C:\projects\Spitfire\Embedded\Dev\PSS-PSoC\FEC2_PSoC_V02_prjct.cydsn\Debug\Obj\CyDmac.o
#        C:\projects\Spitfire\Embedded\Dev\PSS-PSoC\FEC2_PSoC_V02_prjct.cydsn\Debug\Obj\cyfitter_cfg.o
#        C:\projects\Spitfire\Embedded\Dev\PSS-PSoC\FEC2_PSoC_V02_prjct.cydsn\Debug\Obj\CyFlash.o
#        C:\projects\Spitfire\Embedded\Dev\PSS-PSoC\FEC2_PSoC_V02_prjct.cydsn\Debug\Obj\CyLib.o
#        C:\projects\Spitfire\Embedded\Dev\PSS-PSoC\FEC2_PSoC_V02_prjct.cydsn\Debug\Obj\cymetadata.o
#        C:\projects\Spitfire\Embedded\Dev\PSS-PSoC\FEC2_PSoC_V02_prjct.cydsn\Debug\Obj\cyPm.o
#        C:\projects\Spitfire\Embedded\Dev\PSS-PSoC\FEC2_PSoC_V02_prjct.cydsn\Debug\Obj\CySpc.o
#        C:\projects\Spitfire\Embedded\Dev\PSS-PSoC\FEC2_PSoC_V02_prjct.cydsn\Debug\Obj\cyutils.o
#        C:\projects\Spitfire\Embedded\Dev\PSS-PSoC\FEC2_PSoC_V02_prjct.cydsn\Debug\Obj\DAC_for_4_20mA_1.o
#        C:\projects\Spitfire\Embedded\Dev\PSS-PSoC\FEC2_PSoC_V02_prjct.cydsn\Debug\Obj\DAC_for_4_20mA_2.o
#        C:\projects\Spitfire\Embedded\Dev\PSS-PSoC\FEC2_PSoC_V02_prjct.cydsn\Debug\Obj\Debug_Pin.o
#        C:\projects\Spitfire\Embedded\Dev\PSS-PSoC\FEC2_PSoC_V02_prjct.cydsn\Debug\Obj\Diagnostic_feedback_CH1_2.o
#        C:\projects\Spitfire\Embedded\Dev\PSS-PSoC\FEC2_PSoC_V02_prjct.cydsn\Debug\Obj\Diagnostic_feedback_CH3_4.o
#        C:\projects\Spitfire\Embedded\Dev\PSS-PSoC\FEC2_PSoC_V02_prjct.cydsn\Debug\Obj\Digital_input_1.o
#        C:\projects\Spitfire\Embedded\Dev\PSS-PSoC\FEC2_PSoC_V02_prjct.cydsn\Debug\Obj\Digital_input_2.o
#        C:\projects\Spitfire\Embedded\Dev\PSS-PSoC\FEC2_PSoC_V02_prjct.cydsn\Debug\Obj\Digital_input_3.o
#        C:\projects\Spitfire\Embedded\Dev\PSS-PSoC\FEC2_PSoC_V02_prjct.cydsn\Debug\Obj\Digital_input_4.o
#        C:\projects\Spitfire\Embedded\Dev\PSS-PSoC\FEC2_PSoC_V02_prjct.cydsn\Debug\Obj\Digital_input_5.o
#        C:\projects\Spitfire\Embedded\Dev\PSS-PSoC\FEC2_PSoC_V02_prjct.cydsn\Debug\Obj\Digital_input_6.o
#        C:\projects\Spitfire\Embedded\Dev\PSS-PSoC\FEC2_PSoC_V02_prjct.cydsn\Debug\Obj\Digital_IO_Module_Handler.o
#        C:\projects\Spitfire\Embedded\Dev\PSS-PSoC\FEC2_PSoC_V02_prjct.cydsn\Debug\Obj\Digital_out_0_5A_CH1.o
#        C:\projects\Spitfire\Embedded\Dev\PSS-PSoC\FEC2_PSoC_V02_prjct.cydsn\Debug\Obj\Digital_out_0_5A_CH2.o
#        C:\projects\Spitfire\Embedded\Dev\PSS-PSoC\FEC2_PSoC_V02_prjct.cydsn\Debug\Obj\Digital_out_0_5A_CH3.o
#        C:\projects\Spitfire\Embedded\Dev\PSS-PSoC\FEC2_PSoC_V02_prjct.cydsn\Debug\Obj\Digital_out_0_5A_CH4.o
#        C:\projects\Spitfire\Embedded\Dev\PSS-PSoC\FEC2_PSoC_V02_prjct.cydsn\Debug\Obj\Direct_PSOC_to_micro_1.o
#        C:\projects\Spitfire\Embedded\Dev\PSS-PSoC\FEC2_PSoC_V02_prjct.cydsn\Debug\Obj\Direct_PSOC_to_micro_2.o
#        C:\projects\Spitfire\Embedded\Dev\PSS-PSoC\FEC2_PSoC_V02_prjct.cydsn\Debug\Obj\DMA_RX_S_dma.o
#        C:\projects\Spitfire\Embedded\Dev\PSS-PSoC\FEC2_PSoC_V02_prjct.cydsn\Debug\Obj\DMA_TX_S_dma.o
#        C:\projects\Spitfire\Embedded\Dev\PSS-PSoC\FEC2_PSoC_V02_prjct.cydsn\Debug\Obj\DOD_Control_Reg.o
#        C:\projects\Spitfire\Embedded\Dev\PSS-PSoC\FEC2_PSoC_V02_prjct.cydsn\Debug\Obj\DOD_DigitalOutputsDriver.o
#        C:\projects\Spitfire\Embedded\Dev\PSS-PSoC\FEC2_PSoC_V02_prjct.cydsn\Debug\Obj\DOD_PrISM.o
#        C:\projects\Spitfire\Embedded\Dev\PSS-PSoC\FEC2_PSoC_V02_prjct.cydsn\Debug\Obj\DOD_PrISM_PM.o
#        C:\projects\Spitfire\Embedded\Dev\PSS-PSoC\FEC2_PSoC_V02_prjct.cydsn\Debug\Obj\DOD_PWM_1.o
#        C:\projects\Spitfire\Embedded\Dev\PSS-PSoC\FEC2_PSoC_V02_prjct.cydsn\Debug\Obj\DOD_PWM_1_PM.o
#        C:\projects\Spitfire\Embedded\Dev\PSS-PSoC\FEC2_PSoC_V02_prjct.cydsn\Debug\Obj\DOD_PWM_2.o
#        C:\projects\Spitfire\Embedded\Dev\PSS-PSoC\FEC2_PSoC_V02_prjct.cydsn\Debug\Obj\DOD_PWM_2_PM.o
#        C:\projects\Spitfire\Embedded\Dev\PSS-PSoC\FEC2_PSoC_V02_prjct.cydsn\Debug\Obj\DOD_PWM_3.o
#        C:\projects\Spitfire\Embedded\Dev\PSS-PSoC\FEC2_PSoC_V02_prjct.cydsn\Debug\Obj\DOD_PWM_3_PM.o
#        C:\projects\Spitfire\Embedded\Dev\PSS-PSoC\FEC2_PSoC_V02_prjct.cydsn\Debug\Obj\DOD_PWM_4.o
#        C:\projects\Spitfire\Embedded\Dev\PSS-PSoC\FEC2_PSoC_V02_prjct.cydsn\Debug\Obj\DOD_PWM_4_PM.o
#        C:\projects\Spitfire\Embedded\Dev\PSS-PSoC\FEC2_PSoC_V02_prjct.cydsn\Debug\Obj\DOD_SPWM.o
#        C:\projects\Spitfire\Embedded\Dev\PSS-PSoC\FEC2_PSoC_V02_prjct.cydsn\Debug\Obj\DOD_SPWM_isr_Load.o
#        C:\projects\Spitfire\Embedded\Dev\PSS-PSoC\FEC2_PSoC_V02_prjct.cydsn\Debug\Obj\DOD_SPWM_ParallelLoad.o
#        C:\projects\Spitfire\Embedded\Dev\PSS-PSoC\FEC2_PSoC_V02_prjct.cydsn\Debug\Obj\DSM.o
#        C:\projects\Spitfire\Embedded\Dev\PSS-PSoC\FEC2_PSoC_V02_prjct.cydsn\Debug\Obj\DSM_Bypass_P32.o
#        C:\projects\Spitfire\Embedded\Dev\PSS-PSoC\FEC2_PSoC_V02_prjct.cydsn\Debug\Obj\DSM_DMA_dma.o
#        C:\projects\Spitfire\Embedded\Dev\PSS-PSoC\FEC2_PSoC_V02_prjct.cydsn\Debug\Obj\DSM_Ext_CP_Clk.o
#        C:\projects\Spitfire\Embedded\Dev\PSS-PSoC\FEC2_PSoC_V02_prjct.cydsn\Debug\Obj\DSM_INT.o
#        C:\projects\Spitfire\Embedded\Dev\PSS-PSoC\FEC2_PSoC_V02_prjct.cydsn\Debug\Obj\DSM_IRQ.o
#        C:\projects\Spitfire\Embedded\Dev\PSS-PSoC\FEC2_PSoC_V02_prjct.cydsn\Debug\Obj\DSM_PM.o
#        C:\projects\Spitfire\Embedded\Dev\PSS-PSoC\FEC2_PSoC_V02_prjct.cydsn\Debug\Obj\DSM_Sequencer_DSM_Sequencer.o
#        C:\projects\Spitfire\Embedded\Dev\PSS-PSoC\FEC2_PSoC_V02_prjct.cydsn\Debug\Obj\DSM_Sequencer_SOC_Delay.o
#        C:\projects\Spitfire\Embedded\Dev\PSS-PSoC\FEC2_PSoC_V02_prjct.cydsn\Debug\Obj\DSM_Sequencer_SOC_Delay_PM.o
#        C:\projects\Spitfire\Embedded\Dev\PSS-PSoC\FEC2_PSoC_V02_prjct.cydsn\Debug\Obj\DSM_theACLK.o
#        C:\projects\Spitfire\Embedded\Dev\PSS-PSoC\FEC2_PSoC_V02_prjct.cydsn\Debug\Obj\DSP.o
#        C:\projects\Spitfire\Embedded\Dev\PSS-PSoC\FEC2_PSoC_V02_prjct.cydsn\Debug\Obj\Global_input_1.o
#        C:\projects\Spitfire\Embedded\Dev\PSS-PSoC\FEC2_PSoC_V02_prjct.cydsn\Debug\Obj\Global_input_2.o
#        C:\projects\Spitfire\Embedded\Dev\PSS-PSoC\FEC2_PSoC_V02_prjct.cydsn\Debug\Obj\Global_input_3.o
#        C:\projects\Spitfire\Embedded\Dev\PSS-PSoC\FEC2_PSoC_V02_prjct.cydsn\Debug\Obj\Global_input_4.o
#        C:\projects\Spitfire\Embedded\Dev\PSS-PSoC\FEC2_PSoC_V02_prjct.cydsn\Debug\Obj\Global_input_5.o
#        C:\projects\Spitfire\Embedded\Dev\PSS-PSoC\FEC2_PSoC_V02_prjct.cydsn\Debug\Obj\Global_input_6.o
#        C:\projects\Spitfire\Embedded\Dev\PSS-PSoC\FEC2_PSoC_V02_prjct.cydsn\Debug\Obj\GREEN_LED.o
#        C:\projects\Spitfire\Embedded\Dev\PSS-PSoC\FEC2_PSoC_V02_prjct.cydsn\Debug\Obj\Heat_Counter_isr.o
#        C:\projects\Spitfire\Embedded\Dev\PSS-PSoC\FEC2_PSoC_V02_prjct.cydsn\Debug\Obj\I4_20mA_input_1.o
#        C:\projects\Spitfire\Embedded\Dev\PSS-PSoC\FEC2_PSoC_V02_prjct.cydsn\Debug\Obj\I4_20mA_input_2.o
#        C:\projects\Spitfire\Embedded\Dev\PSS-PSoC\FEC2_PSoC_V02_prjct.cydsn\Debug\Obj\IDAC.o
#        C:\projects\Spitfire\Embedded\Dev\PSS-PSoC\FEC2_PSoC_V02_prjct.cydsn\Debug\Obj\IDAC_PM.o
#        C:\projects\Spitfire\Embedded\Dev\PSS-PSoC\FEC2_PSoC_V02_prjct.cydsn\Debug\Obj\Input_connector_ID_1.o
#        C:\projects\Spitfire\Embedded\Dev\PSS-PSoC\FEC2_PSoC_V02_prjct.cydsn\Debug\Obj\Input_connector_ID_2.o
#        C:\projects\Spitfire\Embedded\Dev\PSS-PSoC\FEC2_PSoC_V02_prjct.cydsn\Debug\Obj\ISR_DSM_DMA.o
#        C:\projects\Spitfire\Embedded\Dev\PSS-PSoC\FEC2_PSoC_V02_prjct.cydsn\Debug\Obj\isr_LogicFunc.o
#        C:\projects\Spitfire\Embedded\Dev\PSS-PSoC\FEC2_PSoC_V02_prjct.cydsn\Debug\Obj\isr_Safety_Relay.o
#        C:\projects\Spitfire\Embedded\Dev\PSS-PSoC\FEC2_PSoC_V02_prjct.cydsn\Debug\Obj\ISR_SAR1_AnlgIn_DMA.o
#        C:\projects\Spitfire\Embedded\Dev\PSS-PSoC\FEC2_PSoC_V02_prjct.cydsn\Debug\Obj\ISR_SAR2_IDs_DMA.o
#        C:\projects\Spitfire\Embedded\Dev\PSS-PSoC\FEC2_PSoC_V02_prjct.cydsn\Debug\Obj\isr_SPIS_Rx.o
#        C:\projects\Spitfire\Embedded\Dev\PSS-PSoC\FEC2_PSoC_V02_prjct.cydsn\Debug\Obj\isr_Timer.o
#        C:\projects\Spitfire\Embedded\Dev\PSS-PSoC\FEC2_PSoC_V02_prjct.cydsn\Debug\Obj\main.o
#        C:\projects\Spitfire\Embedded\Dev\PSS-PSoC\FEC2_PSoC_V02_prjct.cydsn\Debug\Obj\MainsX2.o
#        C:\projects\Spitfire\Embedded\Dev\PSS-PSoC\FEC2_PSoC_V02_prjct.cydsn\Debug\Obj\Monitor_ISRs.o
#        C:\projects\Spitfire\Embedded\Dev\PSS-PSoC\FEC2_PSoC_V02_prjct.cydsn\Debug\Obj\Monitor_Module_Handler.o
#        C:\projects\Spitfire\Embedded\Dev\PSS-PSoC\FEC2_PSoC_V02_prjct.cydsn\Debug\Obj\OTSM_1.o
#        C:\projects\Spitfire\Embedded\Dev\PSS-PSoC\FEC2_PSoC_V02_prjct.cydsn\Debug\Obj\output_connector_ID.o
#        C:\projects\Spitfire\Embedded\Dev\PSS-PSoC\FEC2_PSoC_V02_prjct.cydsn\Debug\Obj\P_isr.o
#        C:\projects\Spitfire\Embedded\Dev\PSS-PSoC\FEC2_PSoC_V02_prjct.cydsn\Debug\Obj\PT1_ADC_IN_N.o
#        C:\projects\Spitfire\Embedded\Dev\PSS-PSoC\FEC2_PSoC_V02_prjct.cydsn\Debug\Obj\PT1_ADC_IN_P.o
#        C:\projects\Spitfire\Embedded\Dev\PSS-PSoC\FEC2_PSoC_V02_prjct.cydsn\Debug\Obj\PT1_current_out.o
#        C:\projects\Spitfire\Embedded\Dev\PSS-PSoC\FEC2_PSoC_V02_prjct.cydsn\Debug\Obj\PT2_ADC_IN_N.o
#        C:\projects\Spitfire\Embedded\Dev\PSS-PSoC\FEC2_PSoC_V02_prjct.cydsn\Debug\Obj\PT2_ADC_IN_P.o
#        C:\projects\Spitfire\Embedded\Dev\PSS-PSoC\FEC2_PSoC_V02_prjct.cydsn\Debug\Obj\PT2_current_out.o
#        C:\projects\Spitfire\Embedded\Dev\PSS-PSoC\FEC2_PSoC_V02_prjct.cydsn\Debug\Obj\PT3_ADC_IN_N.o
#        C:\projects\Spitfire\Embedded\Dev\PSS-PSoC\FEC2_PSoC_V02_prjct.cydsn\Debug\Obj\PT3_ADC_IN_P.o
#        C:\projects\Spitfire\Embedded\Dev\PSS-PSoC\FEC2_PSoC_V02_prjct.cydsn\Debug\Obj\PT3_current_out.o
#        C:\projects\Spitfire\Embedded\Dev\PSS-PSoC\FEC2_PSoC_V02_prjct.cydsn\Debug\Obj\PT4_ADC_IN_N.o
#        C:\projects\Spitfire\Embedded\Dev\PSS-PSoC\FEC2_PSoC_V02_prjct.cydsn\Debug\Obj\PT4_ADC_IN_P.o
#        C:\projects\Spitfire\Embedded\Dev\PSS-PSoC\FEC2_PSoC_V02_prjct.cydsn\Debug\Obj\PT4_current_out.o
#        C:\projects\Spitfire\Embedded\Dev\PSS-PSoC\FEC2_PSoC_V02_prjct.cydsn\Debug\Obj\PT_cal_ADC_IN_N.o
#        C:\projects\Spitfire\Embedded\Dev\PSS-PSoC\FEC2_PSoC_V02_prjct.cydsn\Debug\Obj\PT_cal_ADC_IN_P.o
#        C:\projects\Spitfire\Embedded\Dev\PSS-PSoC\FEC2_PSoC_V02_prjct.cydsn\Debug\Obj\PT_cal_current_out.o
#        C:\projects\Spitfire\Embedded\Dev\PSS-PSoC\FEC2_PSoC_V02_prjct.cydsn\Debug\Obj\RED_LED.o
#        C:\projects\Spitfire\Embedded\Dev\PSS-PSoC\FEC2_PSoC_V02_prjct.cydsn\Debug\Obj\RTD.o
#        C:\projects\Spitfire\Embedded\Dev\PSS-PSoC\FEC2_PSoC_V02_prjct.cydsn\Debug\Obj\safety_feedback.o
#        C:\projects\Spitfire\Embedded\Dev\PSS-PSoC\FEC2_PSoC_V02_prjct.cydsn\Debug\Obj\Safety_ISRs.o
#        C:\projects\Spitfire\Embedded\Dev\PSS-PSoC\FEC2_PSoC_V02_prjct.cydsn\Debug\Obj\Safety_Module_Handler.o
#        C:\projects\Spitfire\Embedded\Dev\PSS-PSoC\FEC2_PSoC_V02_prjct.cydsn\Debug\Obj\Safety_Relay.o
#        C:\projects\Spitfire\Embedded\Dev\PSS-PSoC\FEC2_PSoC_V02_prjct.cydsn\Debug\Obj\SAR1.o
#        C:\projects\Spitfire\Embedded\Dev\PSS-PSoC\FEC2_PSoC_V02_prjct.cydsn\Debug\Obj\SAR1_AnlgIn_DMA_dma.o
#        C:\projects\Spitfire\Embedded\Dev\PSS-PSoC\FEC2_PSoC_V02_prjct.cydsn\Debug\Obj\SAR1_Flwr.o
#        C:\projects\Spitfire\Embedded\Dev\PSS-PSoC\FEC2_PSoC_V02_prjct.cydsn\Debug\Obj\SAR1_Flwr_PM.o
#        C:\projects\Spitfire\Embedded\Dev\PSS-PSoC\FEC2_PSoC_V02_prjct.cydsn\Debug\Obj\SAR1_INT.o
#        C:\projects\Spitfire\Embedded\Dev\PSS-PSoC\FEC2_PSoC_V02_prjct.cydsn\Debug\Obj\SAR1_IRQ.o
#        C:\projects\Spitfire\Embedded\Dev\PSS-PSoC\FEC2_PSoC_V02_prjct.cydsn\Debug\Obj\SAR1_PM.o
#        C:\projects\Spitfire\Embedded\Dev\PSS-PSoC\FEC2_PSoC_V02_prjct.cydsn\Debug\Obj\SAR1_theACLK.o
#        C:\projects\Spitfire\Embedded\Dev\PSS-PSoC\FEC2_PSoC_V02_prjct.cydsn\Debug\Obj\SAR2.o
#        C:\projects\Spitfire\Embedded\Dev\PSS-PSoC\FEC2_PSoC_V02_prjct.cydsn\Debug\Obj\SAR2_Flwr.o
#        C:\projects\Spitfire\Embedded\Dev\PSS-PSoC\FEC2_PSoC_V02_prjct.cydsn\Debug\Obj\SAR2_Flwr_PM.o
#        C:\projects\Spitfire\Embedded\Dev\PSS-PSoC\FEC2_PSoC_V02_prjct.cydsn\Debug\Obj\SAR2_IDs_DMA_dma.o
#        C:\projects\Spitfire\Embedded\Dev\PSS-PSoC\FEC2_PSoC_V02_prjct.cydsn\Debug\Obj\SAR2_INT.o
#        C:\projects\Spitfire\Embedded\Dev\PSS-PSoC\FEC2_PSoC_V02_prjct.cydsn\Debug\Obj\SAR2_IRQ.o
#        C:\projects\Spitfire\Embedded\Dev\PSS-PSoC\FEC2_PSoC_V02_prjct.cydsn\Debug\Obj\SAR2_PM.o
#        C:\projects\Spitfire\Embedded\Dev\PSS-PSoC\FEC2_PSoC_V02_prjct.cydsn\Debug\Obj\SAR2_theACLK.o
#        C:\projects\Spitfire\Embedded\Dev\PSS-PSoC\FEC2_PSoC_V02_prjct.cydsn\Debug\Obj\SPI_chip_select.o
#        C:\projects\Spitfire\Embedded\Dev\PSS-PSoC\FEC2_PSoC_V02_prjct.cydsn\Debug\Obj\SPI_MISO.o
#        C:\projects\Spitfire\Embedded\Dev\PSS-PSoC\FEC2_PSoC_V02_prjct.cydsn\Debug\Obj\SPI_MOSI.o
#        C:\projects\Spitfire\Embedded\Dev\PSS-PSoC\FEC2_PSoC_V02_prjct.cydsn\Debug\Obj\SPI_SCLK.o
#        C:\projects\Spitfire\Embedded\Dev\PSS-PSoC\FEC2_PSoC_V02_prjct.cydsn\Debug\Obj\SPIS.o
#        C:\projects\Spitfire\Embedded\Dev\PSS-PSoC\FEC2_PSoC_V02_prjct.cydsn\Debug\Obj\SPIS_BOOT.o
#        C:\projects\Spitfire\Embedded\Dev\PSS-PSoC\FEC2_PSoC_V02_prjct.cydsn\Debug\Obj\SPIS_INT.o
#        C:\projects\Spitfire\Embedded\Dev\PSS-PSoC\FEC2_PSoC_V02_prjct.cydsn\Debug\Obj\SPIS_IntClock.o
#        C:\projects\Spitfire\Embedded\Dev\PSS-PSoC\FEC2_PSoC_V02_prjct.cydsn\Debug\Obj\SPIS_PM.o
#        C:\projects\Spitfire\Embedded\Dev\PSS-PSoC\FEC2_PSoC_V02_prjct.cydsn\Debug\Obj\SSR_Thermistor.o
#        C:\projects\Spitfire\Embedded\Dev\PSS-PSoC\FEC2_PSoC_V02_prjct.cydsn\Debug\Obj\System_Control_Reg.o
#        C:\projects\Spitfire\Embedded\Dev\PSS-PSoC\FEC2_PSoC_V02_prjct.cydsn\Debug\Obj\System_Handler.o
#        C:\projects\Spitfire\Embedded\Dev\PSS-PSoC\FEC2_PSoC_V02_prjct.cydsn\Debug\Obj\Task_Indctr_VDAC.o
#        C:\projects\Spitfire\Embedded\Dev\PSS-PSoC\FEC2_PSoC_V02_prjct.cydsn\Debug\Obj\Task_Indctr_VDAC_PM.o
#        C:\projects\Spitfire\Embedded\Dev\PSS-PSoC\FEC2_PSoC_V02_prjct.cydsn\Debug\Obj\Temperature_ISRs.o
#        C:\projects\Spitfire\Embedded\Dev\PSS-PSoC\FEC2_PSoC_V02_prjct.cydsn\Debug\Obj\Temperature_Module_Handler.o
#        C:\projects\Spitfire\Embedded\Dev\PSS-PSoC\FEC2_PSoC_V02_prjct.cydsn\Debug\Obj\Thermistor.o
#        C:\projects\Spitfire\Embedded\Dev\PSS-PSoC\FEC2_PSoC_V02_prjct.cydsn\Debug\Obj\VDAC1.o
#        C:\projects\Spitfire\Embedded\Dev\PSS-PSoC\FEC2_PSoC_V02_prjct.cydsn\Debug\Obj\VDAC1_Flwr.o
#        C:\projects\Spitfire\Embedded\Dev\PSS-PSoC\FEC2_PSoC_V02_prjct.cydsn\Debug\Obj\VDAC1_Flwr_PM.o
#        C:\projects\Spitfire\Embedded\Dev\PSS-PSoC\FEC2_PSoC_V02_prjct.cydsn\Debug\Obj\VDAC1_PM.o
#        C:\projects\Spitfire\Embedded\Dev\PSS-PSoC\FEC2_PSoC_V02_prjct.cydsn\Debug\Obj\VDAC2.o
#        C:\projects\Spitfire\Embedded\Dev\PSS-PSoC\FEC2_PSoC_V02_prjct.cydsn\Debug\Obj\VDAC2_Flwr.o
#        C:\projects\Spitfire\Embedded\Dev\PSS-PSoC\FEC2_PSoC_V02_prjct.cydsn\Debug\Obj\VDAC2_Flwr_PM.o
#        C:\projects\Spitfire\Embedded\Dev\PSS-PSoC\FEC2_PSoC_V02_prjct.cydsn\Debug\Obj\VDAC2_PM.o
#        C:\projects\Spitfire\Embedded\Dev\PSS-PSoC\FEC2_PSoC_V02_prjct.cydsn\Debug\Obj\Watch_1.o
#        C:\projects\Spitfire\Embedded\Dev\PSS-PSoC\FEC2_PSoC_V02_prjct.cydsn\Debug\Obj\Watch_2.o
#        C:\projects\Spitfire\Embedded\Dev\PSS-PSoC\FEC2_PSoC_V02_prjct.cydsn\Debug\Obj\Z_isr.o
#        C:\projects\Spitfire\Embedded\Dev\PSS-PSoC\FEC2_PSoC_V02_prjct.cydsn\Debug\Obj\ZERO_CROSS_1.o
#        C:\projects\Spitfire\Embedded\Dev\PSS-PSoC\FEC2_PSoC_V02_prjct.cydsn\Debug\Obj\ZERO_CROSS_2.o
#        C:\projects\Spitfire\Embedded\Dev\PSS-PSoC\FEC2_PSoC_V02_prjct.cydsn\Debug\Obj\ZERO_CROSS_3.o
#        -o
#        C:\projects\Spitfire\Embedded\Dev\PSS-PSoC\FEC2_PSoC_V02_prjct.cydsn\Debug\Exe\FEC3.out
#        --map
#        C:\projects\Spitfire\Embedded\Dev\PSS-PSoC\FEC2_PSoC_V02_prjct.cydsn\Debug\List\FEC3.map
#        --log libraries,initialization,redirects,veneers --log_file
#        C:\projects\Spitfire\Embedded\Dev\PSS-PSoC\FEC2_PSoC_V02_prjct.cydsn\Debug\List\FEC3.log
#        --config
#        C:\projects\Spitfire\Embedded\Dev\PSS-PSoC\FEC2_PSoC_V02_prjct.cydsn\.\Generated_Source\PSoC5\Cm3Iar.icf
#        C:\projects\Spitfire\Embedded\Dev\PSS-PSoC\FEC2_PSoC_V02_prjct.cydsn\.\Export\ARM_IAR_Generic\CyComponentLibrary.a
#        --semihosting
#        C:\projects\Spitfire\Embedded\Dev\PSS-PSoC\FEC2_PSoC_V02_prjct.cydsn\Export\ARM_IAR_Generic\CyComponentLibrary.a
#        --entry __iar_program_start --vfe
#
###############################################################################

*******************************************************************************
*** RUNTIME MODEL ATTRIBUTES
***

CppFlavor       = *
__SystemLibrary = DLib


*******************************************************************************
*** PLACEMENT SUMMARY
***

".cybootloader":
       place at start of [0x00000000-0x0003ffff] { block LOADER };
"APPL":
       place at start of [0x00010000-0x0003feff] { block APPL };
"RAMVEC":
       place at start of [0x1fff8000-0x20007fff] { rw section .ramvectors };
"readwrite":
       place in [from 0x1fff8000 to 0x20007fff] { rw };
"HSTACK":
       place at end of [0x1fff8000-0x20007fff] { block HSTACK };
".cyloadermeta":
       place at 0xf0000000 { ro section .cyloadermeta };
".cyloadablemeta":
       place at 0x0003ffc0 { ro section .cyloadablemeta };
".cycustnvl":
       place at 0x90000000 { ro section .cycustnvl };
".cywolatch":
       place at 0x90100000 { ro section .cywolatch };
".cyflashprotect":
       place at 0x90400000 { ro section .cyflashprotect };
".cymeta":
       place at 0x90500000 { ro section .cymeta };

  Section              Kind        Address    Size  Object
  -------              ----        -------    ----  ------
".cybootloader":                            0x1800
  LOADER                        0x00000000  0x1800  <Block>
    .cybootloader      const    0x00000000  0x1800  cybootloader.o [1]
                              - 0x00001800  0x1800

"APPL":                                     0xadb2
  APPL                          0x00010000  0xadb2  <Block>
    .romvectors        const    0x00010000    0x10  Cm3Start.o [1]
    .text              ro code  0x00010010    0x1e  CyBootAsmIar.o [1]
    .text              ro code  0x0001002e     0x2  DSM_INT.o [1]
    .rodata            const    0x00010030   0x100  Communications_Handler.o [1]
    .rodata            const    0x00010130     0xc  cyfitter_cfg.o [1]
    .rodata            const    0x0001013c     0xc  cyfitter_cfg.o [1]
    .rodata            const    0x00010148     0xc  cyfitter_cfg.o [1]
    .rodata            const    0x00010154     0x8  cyfitter_cfg.o [1]
    .rodata            const    0x0001015c     0x8  cyfitter_cfg.o [1]
    .rodata            const    0x00010164     0xc  cyfitter_cfg.o [1]
    .rodata            const    0x00010170     0x8  cyfitter_cfg.o [1]
    .rodata            const    0x00010178     0xc  cyfitter_cfg.o [1]
    .rodata            const    0x00010184     0xc  cyfitter_cfg.o [1]
    .rodata            const    0x00010190     0x8  cyfitter_cfg.o [1]
    .rodata            const    0x00010198     0x4  cyfitter_cfg.o [1]
    .rodata            const    0x0001019c     0x4  cyfitter_cfg.o [1]
    .rodata            const    0x000101a0     0x4  cyfitter_cfg.o [1]
    .rodata            const    0x000101a4     0x4  cyfitter_cfg.o [1]
    .rodata            const    0x000101a8     0x4  cyfitter_cfg.o [1]
    .rodata            const    0x000101ac     0x4  cyfitter_cfg.o [1]
    .rodata            const    0x000101b0     0x4  cyfitter_cfg.o [1]
    .rodata            const    0x000101b4     0x4  cyfitter_cfg.o [1]
    .rodata            const    0x000101b8    0xa4  cyfitter_cfg.o [1]
    .rodata            const    0x0001025c  0x1080  cyfitter_cfg.o [1]
    .rodata            const    0x000112dc    0x24  cyfitter_cfg.o [1]
    .rodata            const    0x00011300     0x8  cyfitter_cfg.o [1]
    .rodata            const    0x00011308     0x8  cyfitter_cfg.o [1]
    .rodata            const    0x00011310    0x10  cyfitter_cfg.o [1]
    .rodata            const    0x00011320    0x20  cyfitter_cfg.o [1]
    .rodata            const    0x00011340   0x7e4  DOD_SPWM.o [1]
    .rodata            const    0x00011b24   0x7e4  DOD_SPWM.o [1]
    .rodata            const    0x00012308    0x14  RTD.o [1]
    .rodata            const    0x0001231c   0x244  System_Handler.o [1]
    .rodata            const    0x00012560   0x1e4  Thermistor.o [1]
    .text              ro code  0x00012744    0x50  Aanlog_IO_ISRs.o [1]
    .text              ro code  0x00012794    0x76  ABImemcpy_unaligned.o [5]
    .text              ro code  0x0001280a     0x2  SAR1_INT.o [1]
    .text              ro code  0x0001280c    0x50  ISR_SAR1_AnlgIn_DMA.o [1]
    .text              ro code  0x0001285c   0x2d8  Analog_IO_Module_Handler.o [1]
    .text              ro code  0x00012b34    0xd4  VDAC1.o [1]
    .text              ro code  0x00012c08    0x7c  VDAC1_Flwr.o [1]
    .text              ro code  0x00012c84    0xd4  VDAC2.o [1]
    .text              ro code  0x00012d58    0x7c  VDAC2_Flwr.o [1]
    .text              ro code  0x00012dd4    0xac  SAR1_Flwr.o [1]
    .text              ro code  0x00012e80   0x1a0  SAR1.o [1]
    .text              ro code  0x00013020    0x10  SAR1_IRQ.o [1]
    .text              ro code  0x00013030   0xe80  System_Handler.o [1]
    .text              ro code  0x00013eb0    0x4c  SAR1_AnlgIn_DMA_dma.o [1]
    .text              ro code  0x00013efc   0x2a4  CyDmac.o [1]
    .text              ro code  0x000141a0    0x14  Board_Type_Sel_Reg.o [1]
    .text              ro code  0x000141b4   0xe00  DSP.o [1]
    .text              ro code  0x00014fb4    0x24  FltCmpGe.o [4]
    .text              ro code  0x00014fd8   0x1e8  SAR2.o [1]
    .text              ro code  0x000151c0    0xfc  FltDiv.o [4]
    .text              ro code  0x000152bc    0x84  FltAdd.o [4]
    .text              ro code  0x00015340    0x24  FltToU32.o [4]
    .text              ro code  0x00015364    0xb4  Thermistor.o [1]
    .text              ro code  0x00015418    0x32  I32ToFlt.o [4]
    .text              ro code  0x0001544a     0x2  SAR2_INT.o [1]
    .text              ro code  0x0001544c    0x14  SAR1_theACLK.o [1]
    .text              ro code  0x00015460    0xdc  CyLib.o [1]
    .text              ro code  0x0001553c   0xf5e  Communications_Handler.o [1]
    .text              ro code  0x0001649c    0x66  ABImemset.o [5]
    .text              ro code  0x00016504   0x498  Digital_IO_Module_Handler.o [1]
    .text              ro code  0x0001699c    0x2c  GREEN_LED.o [1]
    .text              ro code  0x000169c8    0x54  isr_Timer.o [1]
    .text              ro code  0x00016a1c   0x5c0  DOD_DigitalOutputsDriver.o [1]
    .text              ro code  0x00016fdc    0x18  RED_LED.o [1]
    .text              ro code  0x00016ff4    0x14  System_Control_Reg.o [1]
    .text              ro code  0x00017008    0x2c  I32ToDbl.o [4]
    .text              ro code  0x00017034   0x1a2  DblMul.o [4]
    .text              ro code  0x000171d8    0x4c  DblToI32.o [4]
    .text              ro code  0x00017224    0x14  SAR2_theACLK.o [1]
    .text              ro code  0x00017238    0xd8  FltMul.o [4]
    .text              ro code  0x00017310    0xd6  FltSub.o [4]
    .text              ro code  0x000173e8    0x50  isr_SPIS_Rx.o [1]
    .text              ro code  0x00017438   0x144  SPIS.o [1]
    .text              ro code  0x0001757c    0x4c  DMA_TX_S_dma.o [1]
    .text              ro code  0x000175c8    0x4c  DMA_RX_S_dma.o [1]
    .text              ro code  0x00017614   0x654  Monitor_Module_Handler.o [1]
    .text              ro code  0x00017c68    0x54  isr_LogicFunc.o [1]
    .text              ro code  0x00017cbc    0x44  FltToS32.o [4]
    .text              ro code  0x00017d00   0x140  main.o [1]
    .text              ro code  0x00017e40    0x14  Bootloadable.o [1]
    .text              ro code  0x00017e54    0x10  Digital_input_1.o [1]
    .text              ro code  0x00017e64    0x10  Digital_input_2.o [1]
    .text              ro code  0x00017e74    0x10  Digital_input_3.o [1]
    .text              ro code  0x00017e84    0x10  Digital_input_4.o [1]
    .text              ro code  0x00017e94    0x10  Digital_input_5.o [1]
    .text              ro code  0x00017ea4    0x10  Digital_input_6.o [1]
    .text              ro code  0x00017eb4    0x10  Global_input_1.o [1]
    .text              ro code  0x00017ec4    0x10  Global_input_2.o [1]
    .text              ro code  0x00017ed4    0x10  Global_input_3.o [1]
    .text              ro code  0x00017ee4    0x10  Global_input_4.o [1]
    .text              ro code  0x00017ef4    0x10  Global_input_5.o [1]
    .text              ro code  0x00017f04    0x10  Global_input_6.o [1]
    .text              ro code  0x00017f14    0x14  DOD_Control_Reg.o [1]
    .text              ro code  0x00017f28    0x94  DOD_PrISM.o [1]
    .text              ro code  0x00017fbc    0xac  DOD_SPWM.o [1]
    .text              ro code  0x00018068    0xf8  DOD_PWM_1.o [1]
    .text              ro code  0x00018160    0xf8  DOD_PWM_2.o [1]
    .text              ro code  0x00018258    0xf8  DOD_PWM_3.o [1]
    .text              ro code  0x00018350    0xf8  DOD_PWM_4.o [1]
    .text              ro code  0x00018448    0xac  SAR2_Flwr.o [1]
    .text              ro code  0x000184f4    0x10  SAR2_IRQ.o [1]
    .text              ro code  0x00018504    0xac  Monitor_ISRs.o [1]
    .text              ro code  0x000185b0    0x4c  SAR2_IDs_DMA_dma.o [1]
    .text              ro code  0x000185fc    0x2e  DblCmpLe.o [4]
    .text              ro code  0x0001862c   0x264  CSAB_1.o [1]
    .text              ro code  0x00018890    0x1c  FltCmpEq.o [4]
    .text              ro code  0x000188ac   0x550  Temperature_Module_Handler.o [1]
    .text              ro code  0x00018dfc    0xd4  Task_Indctr_VDAC.o [1]
    .text              ro code  0x00018ed0     0xc  DOD_SPWM_ParallelLoad.o [1]
    .text              ro code  0x00018edc    0x50  DOD_SPWM_isr_Load.o [1]
    .text              ro code  0x00018f2c    0x50  ISR_SAR2_IDs_DMA.o [1]
    .text              ro code  0x00018f7c    0x50  Heat_Counter_isr.o [1]
    .text              ro code  0x00018fcc    0x50  P_isr.o [1]
    .text              ro code  0x0001901c    0x50  Z_isr.o [1]
    .text              ro code  0x0001906c   0x110  CSAB_1_IsCurrent.o [1]
    .text              ro code  0x0001917c    0x4c  CSAB_1_Main_DMA_dma.o [1]
    .text              ro code  0x000191c8    0x4c  CSAB_1_Peak_DMA_dma.o [1]
    .text              ro code  0x00019214    0x4c  CSAB_1_Zero_DMA_dma.o [1]
    .text              ro code  0x00019260    0x4c  CSAB_1_Store_Peak_DMA_dma.o [1]
    .text              ro code  0x000192ac    0x4c  CSAB_1_Store_Zero_DMA_dma.o [1]
    .text              ro code  0x000192f8    0xd0  IDAC.o [1]
    .text              ro code  0x000193c8    0x12  DSM_Sequencer_DSM_Sequencer.o [1]
    .text              ro code  0x000193dc   0x560  DSM.o [1]
    .text              ro code  0x0001993c    0x10  DSM_IRQ.o [1]
    .text              ro code  0x0001994c    0x50  ISR_DSM_DMA.o [1]
    .text              ro code  0x0001999c    0x50  Temperature_ISRs.o [1]
    .text              ro code  0x000199ec    0x4c  DSM_DMA_dma.o [1]
    .text              ro code  0x00019a38    0x4e  FltToDbl.o [4]
    .text              ro code  0x00019a88    0xe8  DblAdd.o [4]
    .text              ro code  0x00019b70    0xc8  RTD.o [1]
    .text              ro code  0x00019c38   0x256  DblDiv.o [4]
    .text              ro code  0x00019e90    0x90  DblToFlt.o [4]
    .text              ro code  0x00019f20   0x1f0  OTSM_1.o [1]
    .text              ro code  0x0001a110    0xdc  DSM_Sequencer_SOC_Delay.o [1]
    .text              ro code  0x0001a1ec   0x130  DSM_Ext_CP_Clk.o [1]
    .text              ro code  0x0001a31c   0x130  DSM_theACLK.o [1]
    .text              ro code  0x0001a44c   0x16c  DblSub.o [4]
    .text              ro code  0x0001a5b8    0x80  Cm3Start.o [1]
    .text              ro code  0x0001a638    0x28  data_init.o [5]
    .text              ro code  0x0001a660   0x5f0  cyfitter_cfg.o [1]
    .text              ro code  0x0001ac50    0x1a  cmain.o [5]
    .text              ro code  0x0001ac6a     0x4  exit.o [3]
    .text              ro code  0x0001ac70     0xa  cexit.o [5]
    .text              ro code  0x0001ac7c    0x14  exit.o [6]
    .text              ro code  0x0001ac90     0xc  cstartup_M.o [5]
    .text              ro code  0x0001ac9c    0x40  zero_init3.o [5]
    .text              ro code  0x0001acdc    0x38  packbits_init_single.o [5]
    .iar.init_table    const    0x0001ad14    0x20  - Linker created -
    .rodata            const    0x0001ad34     0x0  zero_init3.o [5]
    .rodata            const    0x0001ad34     0x0  packbits_init_single.o [5]
    Initializer bytes  const    0x0001ad34    0x7e  <for readwrite-1>
                              - 0x0001adb2  0xadb2

".cyloadablemeta":                            0x40
  .cyloadablemeta      const    0x0003ffc0    0x40  cymetadata.o [1]
                              - 0x00040000    0x40

"RAMVEC":                                     0xc0
  .ramvectors          uninit   0x1fff8000    0xc0  Cm3Start.o [1]
                              - 0x1fff80c0    0xc0

"readwrite", part 1 of 3:                     0x9f
  readwrite-1                   0x1fff80c0    0x9f  <Init block>
    .data              inited   0x1fff80c0    0x28  Analog_IO_Module_Handler.o [1]
    .data              inited   0x1fff80e8     0x4  Communications_Handler.o [1]
    .data              inited   0x1fff80ec     0x4  Communications_Handler.o [1]
    .data              inited   0x1fff80f0    0x48  Monitor_Module_Handler.o [1]
    .data              inited   0x1fff8138     0x4  OTSM_1.o [1]
    .data              inited   0x1fff813c     0x4  Temperature_Module_Handler.o [1]
    .data              inited   0x1fff8140     0x4  Temperature_Module_Handler.o [1]
    .data              inited   0x1fff8144     0x8  Temperature_Module_Handler.o [1]
    .data              inited   0x1fff814c     0x1  Analog_IO_Module_Handler.o [1]
    .data              inited   0x1fff814d     0x1  CSAB_1.o [1]
    .data              inited   0x1fff814e     0x1  CSAB_1_Main_DMA_dma.o [1]
    .data              inited   0x1fff814f     0x1  CSAB_1_Peak_DMA_dma.o [1]
    .data              inited   0x1fff8150     0x1  CSAB_1_Store_Peak_DMA_dma.o [1]
    .data              inited   0x1fff8151     0x1  CSAB_1_Store_Zero_DMA_dma.o [1]
    .data              inited   0x1fff8152     0x1  CSAB_1_Zero_DMA_dma.o [1]
    .data              inited   0x1fff8153     0x1  CyDmac.o [1]
    .data              inited   0x1fff8154     0x1  CyDmac.o [1]
    .data              inited   0x1fff8155     0x1  CyLib.o [1]
    .data              inited   0x1fff8156     0x1  DMA_RX_S_dma.o [1]
    .data              inited   0x1fff8157     0x1  DMA_TX_S_dma.o [1]
    .data              inited   0x1fff8158     0x1  DSM.o [1]
    .data              inited   0x1fff8159     0x1  DSM_DMA_dma.o [1]
    .data              inited   0x1fff815a     0x1  SAR1_AnlgIn_DMA_dma.o [1]
    .data              inited   0x1fff815b     0x1  SAR2_IDs_DMA_dma.o [1]
    .data              inited   0x1fff815c     0x1  System_Handler.o [1]
    .data              inited   0x1fff815d     0x1  Temperature_Module_Handler.o [1]
    .data              inited   0x1fff815e     0x1  Temperature_Module_Handler.o [1]
                              - 0x1fff815f    0x9f

"readwrite", part 2 of 3:                      0x1
  .noinit              uninit   0x1fff815f     0x1  CyLib.o [1]
                              - 0x1fff8160     0x1

"readwrite", part 3 of 3:                   0x1128
  .bss                 zero     0x1fff8160   0x7e4  DOD_SPWM.o [1]
  .bss                 zero     0x1fff8944   0x12c  Monitor_Module_Handler.o [1]
  .bss                 zero     0x1fff8a70   0x12c  Monitor_Module_Handler.o [1]
  .bss                 zero     0x1fff8b9c   0x12c  Monitor_Module_Handler.o [1]
  .bss                 zero     0x1fff8cc8    0xc8  Analog_IO_Module_Handler.o [1]
  .bss                 zero     0x1fff8d90    0xc8  Analog_IO_Module_Handler.o [1]
  .bss                 zero     0x1fff8e58    0xc8  CSAB_1.o [1]
  .bss                 zero     0x1fff8f20    0xc8  CSAB_1.o [1]
  .bss                 zero     0x1fff8fe8    0x34  Temperature_Module_Handler.o [1]
  .bss                 zero     0x1fff901c    0x28  CSAB_1.o [1]
  .bss                 zero     0x1fff9044    0x28  CSAB_1.o [1]
  .bss                 zero     0x1fff906c    0x28  Temperature_Module_Handler.o [1]
  .bss                 zero     0x1fff9094    0x20  Communications_Handler.o [1]
  .bss                 zero     0x1fff90b4    0x20  Communications_Handler.o [1]
  .bss                 zero     0x1fff90d4    0x20  Digital_IO_Module_Handler.o [1]
  .bss                 zero     0x1fff90f4    0x14  Temperature_Module_Handler.o [1]
  .bss                 zero     0x1fff9108    0x14  Temperature_Module_Handler.o [1]
  .bss                 zero     0x1fff911c    0x14  Temperature_Module_Handler.o [1]
  .bss                 zero     0x1fff9130    0x14  Temperature_Module_Handler.o [1]
  .bss                 zero     0x1fff9144    0x10  System_Handler.o [1]
  .bss                 zero     0x1fff9154    0x10  System_Handler.o [1]
  .bss                 zero     0x1fff9164    0x10  Temperature_Module_Handler.o [1]
  .bss                 zero     0x1fff9174     0xc  Analog_IO_Module_Handler.o [1]
  .bss                 zero     0x1fff9180     0xc  Analog_IO_Module_Handler.o [1]
  .bss                 zero     0x1fff918c     0xc  Monitor_Module_Handler.o [1]
  .bss                 zero     0x1fff9198     0xc  System_Handler.o [1]
  .bss                 zero     0x1fff91a4     0xc  Temperature_Module_Handler.o [1]
  .bss                 zero     0x1fff91b0     0x8  Analog_IO_Module_Handler.o [1]
  .bss                 zero     0x1fff91b8     0x8  Digital_IO_Module_Handler.o [1]
  .bss                 zero     0x1fff91c0     0x8  Digital_IO_Module_Handler.o [1]
  .bss                 zero     0x1fff91c8     0x8  Digital_IO_Module_Handler.o [1]
  .bss                 zero     0x1fff91d0     0x8  Monitor_Module_Handler.o [1]
  .bss                 zero     0x1fff91d8     0x4  Analog_IO_Module_Handler.o [1]
  .bss                 zero     0x1fff91dc     0x4  Analog_IO_Module_Handler.o [1]
  .bss                 zero     0x1fff91e0     0x4  Digital_IO_Module_Handler.o [1]
  .bss                 zero     0x1fff91e4     0x4  DOD_DigitalOutputsDriver.o [1]
  .bss                 zero     0x1fff91e8     0x4  DSM.o [1]
  .bss                 zero     0x1fff91ec     0x4  DSM.o [1]
  .bss                 zero     0x1fff91f0     0x4  Monitor_ISRs.o [1]
  .bss                 zero     0x1fff91f4     0x4  Monitor_Module_Handler.o [1]
  .bss                 zero     0x1fff91f8     0x4  Monitor_Module_Handler.o [1]
  .bss                 zero     0x1fff91fc     0x4  Monitor_Module_Handler.o [1]
  .bss                 zero     0x1fff9200     0x4  Monitor_Module_Handler.o [1]
  .bss                 zero     0x1fff9204     0x4  Monitor_Module_Handler.o [1]
  .bss                 zero     0x1fff9208     0x4  Monitor_Module_Handler.o [1]
  .bss                 zero     0x1fff920c     0x4  SAR1.o [1]
  .bss                 zero     0x1fff9210     0x4  SAR2.o [1]
  .bss                 zero     0x1fff9214     0x4  System_Handler.o [1]
  .bss                 zero     0x1fff9218     0x4  Temperature_Module_Handler.o [1]
  .bss                 zero     0x1fff921c     0x4  Temperature_Module_Handler.o [1]
  .bss                 zero     0x1fff9220     0x4  Temperature_Module_Handler.o [1]
  .bss                 zero     0x1fff9224     0x2  Analog_IO_Module_Handler.o [1]
  .bss                 zero     0x1fff9226     0x2  Communications_Handler.o [1]
  .bss                 zero     0x1fff9228     0x2  Monitor_Module_Handler.o [1]
  .bss                 zero     0x1fff922a     0x2  Monitor_Module_Handler.o [1]
  .bss                 zero     0x1fff922c     0x2  SAR1.o [1]
  .bss                 zero     0x1fff922e     0x2  SAR1.o [1]
  .bss                 zero     0x1fff9230     0x2  SAR1.o [1]
  .bss                 zero     0x1fff9232     0x2  SAR2.o [1]
  .bss                 zero     0x1fff9234     0x2  SAR2.o [1]
  .bss                 zero     0x1fff9236     0x2  SAR2.o [1]
  .bss                 zero     0x1fff9238     0x2  System_Handler.o [1]
  .bss                 zero     0x1fff923a     0x1  Analog_IO_Module_Handler.o [1]
  .bss                 zero     0x1fff923b     0x1  Analog_IO_Module_Handler.o [1]
  .bss                 zero     0x1fff923c     0x1  Communications_Handler.o [1]
  .bss                 zero     0x1fff923d     0x1  Communications_Handler.o [1]
  .bss                 zero     0x1fff923e     0x1  Communications_Handler.o [1]
  .bss                 zero     0x1fff923f     0x1  Communications_Handler.o [1]
  .bss                 zero     0x1fff9240     0x1  Communications_Handler.o [1]
  .bss                 zero     0x1fff9241     0x1  Communications_Handler.o [1]
  .bss                 zero     0x1fff9242     0x1  Communications_Handler.o [1]
  .bss                 zero     0x1fff9243     0x1  Communications_Handler.o [1]
  .bss                 zero     0x1fff9244     0x1  Communications_Handler.o [1]
  .bss                 zero     0x1fff9245     0x1  Communications_Handler.o [1]
  .bss                 zero     0x1fff9246     0x1  Communications_Handler.o [1]
  .bss                 zero     0x1fff9247     0x1  Communications_Handler.o [1]
  .bss                 zero     0x1fff9248     0x1  Communications_Handler.o [1]
  .bss                 zero     0x1fff9249     0x1  CSAB_1.o [1]
  .bss                 zero     0x1fff924a     0x1  CSAB_1.o [1]
  .bss                 zero     0x1fff924b     0x1  CSAB_1.o [1]
  .bss                 zero     0x1fff924c     0x1  CSAB_1.o [1]
  .bss                 zero     0x1fff924d     0x1  CSAB_1.o [1]
  .bss                 zero     0x1fff924e     0x1  CSAB_1_IsCurrent.o [1]
  .bss                 zero     0x1fff924f     0x1  Digital_IO_Module_Handler.o [1]
  .bss                 zero     0x1fff9250     0x1  DOD_PrISM.o [1]
  .bss                 zero     0x1fff9251     0x1  DOD_PWM_1.o [1]
  .bss                 zero     0x1fff9252     0x1  DOD_PWM_2.o [1]
  .bss                 zero     0x1fff9253     0x1  DOD_PWM_3.o [1]
  .bss                 zero     0x1fff9254     0x1  DOD_PWM_4.o [1]
  .bss                 zero     0x1fff9255     0x1  DOD_SPWM.o [1]
  .bss                 zero     0x1fff9256     0x1  DOD_SPWM.o [1]
  .bss                 zero     0x1fff9257     0x1  DSM.o [1]
  .bss                 zero     0x1fff9258     0x1  DSM.o [1]
  .bss                 zero     0x1fff9259     0x1  DSM.o [1]
  .bss                 zero     0x1fff925a     0x1  DSM.o [1]
  .bss                 zero     0x1fff925b     0x1  DSM_Sequencer_SOC_Delay.o [1]
  .bss                 zero     0x1fff925c     0x1  IDAC.o [1]
  .bss                 zero     0x1fff925d     0x1  Monitor_ISRs.o [1]
  .bss                 zero     0x1fff925e     0x1  Monitor_ISRs.o [1]
  .bss                 zero     0x1fff925f     0x1  Monitor_Module_Handler.o [1]
  .bss                 zero     0x1fff9260     0x1  Monitor_Module_Handler.o [1]
  .bss                 zero     0x1fff9261     0x1  Monitor_Module_Handler.o [1]
  .bss                 zero     0x1fff9262     0x1  Monitor_Module_Handler.o [1]
  .bss                 zero     0x1fff9263     0x1  Monitor_Module_Handler.o [1]
  .bss                 zero     0x1fff9264     0x1  Monitor_Module_Handler.o [1]
  .bss                 zero     0x1fff9265     0x1  Monitor_Module_Handler.o [1]
  .bss                 zero     0x1fff9266     0x1  Monitor_Module_Handler.o [1]
  .bss                 zero     0x1fff9267     0x1  Monitor_Module_Handler.o [1]
  .bss                 zero     0x1fff9268     0x1  OTSM_1.o [1]
  .bss                 zero     0x1fff9269     0x1  OTSM_1.o [1]
  .bss                 zero     0x1fff926a     0x1  SAR1.o [1]
  .bss                 zero     0x1fff926b     0x1  SAR1_Flwr.o [1]
  .bss                 zero     0x1fff926c     0x1  SAR2.o [1]
  .bss                 zero     0x1fff926d     0x1  SAR2_Flwr.o [1]
  .bss                 zero     0x1fff926e     0x1  SPIS.o [1]
  .bss                 zero     0x1fff926f     0x1  System_Handler.o [1]
  .bss                 zero     0x1fff9270     0x1  System_Handler.o [1]
  .bss                 zero     0x1fff9271     0x1  System_Handler.o [1]
  .bss                 zero     0x1fff9272     0x1  System_Handler.o [1]
  .bss                 zero     0x1fff9273     0x1  System_Handler.o [1]
  .bss                 zero     0x1fff9274     0x1  System_Handler.o [1]
  .bss                 zero     0x1fff9275     0x1  System_Handler.o [1]
  .bss                 zero     0x1fff9276     0x1  System_Handler.o [1]
  .bss                 zero     0x1fff9277     0x1  Task_Indctr_VDAC.o [1]
  .bss                 zero     0x1fff9278     0x1  Temperature_Module_Handler.o [1]
  .bss                 zero     0x1fff9279     0x1  Temperature_Module_Handler.o [1]
  .bss                 zero     0x1fff927a     0x1  Temperature_Module_Handler.o [1]
  .bss                 zero     0x1fff927b     0x1  Temperature_Module_Handler.o [1]
  .bss                 zero     0x1fff927c     0x1  Temperature_Module_Handler.o [1]
  .bss                 zero     0x1fff927d     0x1  Temperature_Module_Handler.o [1]
  .bss                 zero     0x1fff927e     0x1  Temperature_Module_Handler.o [1]
  .bss                 zero     0x1fff927f     0x1  Temperature_Module_Handler.o [1]
  .bss                 zero     0x1fff9280     0x1  Temperature_Module_Handler.o [1]
  .bss                 zero     0x1fff9281     0x1  VDAC1.o [1]
  .bss                 zero     0x1fff9282     0x1  VDAC1_Flwr.o [1]
  .bss                 zero     0x1fff9283     0x1  VDAC2.o [1]
  .bss                 zero     0x1fff9284     0x1  VDAC2_Flwr.o [1]
                              - 0x1fff9285  0x1125

"HSTACK":                                   0x4000
  HSTACK                        0x20004000  0x4000  <Block>
    CSTACK                      0x20004000  0x4000  <Block>
      CSTACK           uninit   0x20004000  0x4000  <Block tail>
                              - 0x20008000  0x4000

".cycustnvl":                                  0x4
  .cycustnvl           const    0x90000000     0x4  cybootloader.o [1]
                              - 0x90000004     0x4

".cywolatch":                                  0x4
  .cywolatch           const    0x90100000     0x4  cybootloader.o [1]
                              - 0x90100004     0x4

".cyflashprotect":                           0x100
  .cyflashprotect      const    0x90400000   0x100  cybootloader.o [1]
                              - 0x90400100   0x100

".cymeta":                                     0xc
  .cymeta              const    0x90500000     0xc  cybootloader.o [1]
                              - 0x9050000c     0xc

".cyloadermeta":                              0x40
  .cyloadermeta        const    0xf0000000    0x40  cybootloader.o [1]
                              - 0xf0000040    0x40


*******************************************************************************
*** INIT TABLE
***

          Address     Size
          -------     ----
Zero (__iar_zero_init3)
    1 destination range, total size 0x1125:
          0x1fff8160  0x1125

Copy/packbits (__iar_packbits_init_single3)
    1 source range, total size 0x7e (79% of destination):
          0x0001ad34    0x7e
    1 destination range, total size 0x9f:
          0x1fff80c0    0x9f



*******************************************************************************
*** MODULE SUMMARY
***

    Module                         ro code  ro data  rw data
    ------                         -------  -------  -------
C:\projects\Spitfire\Embedded\Dev\PSS-PSoC\FEC2_PSoC_V02_prjct.cydsn\Debug\Obj: [1]
    Aanlog_IO_ISRs.o                    80
    Analog_IO_Module_Handler.o         728       32      485
    Board_Type_Sel_Reg.o                20
    Bootloadable.o                      20
    CSAB_1.o                           612        1      486
    CSAB_1_IsCurrent.o                 272                 1
    CSAB_1_Main_DMA_dma.o               76        1        1
    CSAB_1_Peak_DMA_dma.o               76        1        1
    CSAB_1_Store_Peak_DMA_dma.o         76                 1
    CSAB_1_Store_Zero_DMA_dma.o         76        1        1
    CSAB_1_Zero_DMA_dma.o               76        1        1
    Cm3Start.o                         128       16      192
    Communications_Handler.o         3 934      263       87
    CyBootAsmIar.o                      30
    CyDmac.o                           676        2        2
    CyLib.o                            220                 2
    DMA_RX_S_dma.o                      76        1        1
    DMA_TX_S_dma.o                      76        1        1
    DOD_Control_Reg.o                   20
    DOD_DigitalOutputsDriver.o       1 472                 4
    DOD_PWM_1.o                        248                 1
    DOD_PWM_2.o                        248                 1
    DOD_PWM_3.o                        248                 1
    DOD_PWM_4.o                        248                 1
    DOD_PrISM.o                        148                 1
    DOD_SPWM.o                         172    4 040    2 022
    DOD_SPWM_ParallelLoad.o             12
    DOD_SPWM_isr_Load.o                 80
    DSM.o                            1 376        1       13
    DSM_DMA_dma.o                       76        1        1
    DSM_Ext_CP_Clk.o                   304
    DSM_INT.o                            2
    DSM_IRQ.o                           16
    DSM_Sequencer_DSM_Sequencer.o       18
    DSM_Sequencer_SOC_Delay.o          220                 1
    DSM_theACLK.o                      304
    DSP.o                            3 584
    Digital_IO_Module_Handler.o      1 176                61
    Digital_input_1.o                   16
    Digital_input_2.o                   16
    Digital_input_3.o                   16
    Digital_input_4.o                   16
    Digital_input_5.o                   16
    Digital_input_6.o                   16
    GREEN_LED.o                         44
    Global_input_1.o                    16
    Global_input_2.o                    16
    Global_input_3.o                    16
    Global_input_4.o                    16
    Global_input_5.o                    16
    Global_input_6.o                    16
    Heat_Counter_isr.o                  80
    IDAC.o                             208                 1
    ISR_DSM_DMA.o                       80
    ISR_SAR1_AnlgIn_DMA.o               80
    ISR_SAR2_IDs_DMA.o                  80
    Monitor_ISRs.o                     172                 6
    Monitor_Module_Handler.o         1 620       57    1 029
    OTSM_1.o                           496        3        6
    P_isr.o                             80
    RED_LED.o                           24
    RTD.o                              200       20
    SAR1.o                             416                11
    SAR1_AnlgIn_DMA_dma.o               76                 1
    SAR1_Flwr.o                        172                 1
    SAR1_INT.o                           2
    SAR1_IRQ.o                          16
    SAR1_theACLK.o                      20
    SAR2.o                             488                11
    SAR2_Flwr.o                        172                 1
    SAR2_IDs_DMA_dma.o                  76        1        1
    SAR2_INT.o                           2
    SAR2_IRQ.o                          16
    SAR2_theACLK.o                      20
    SPIS.o                             324                 1
    System_Control_Reg.o                20
    System_Handler.o                 3 712      581       59
    Task_Indctr_VDAC.o                 212                 1
    Temperature_ISRs.o                  80
    Temperature_Module_Handler.o     1 360       14      239
    Thermistor.o                       180      484
    VDAC1.o                            212                 1
    VDAC1_Flwr.o                       124                 1
    VDAC2.o                            212                 1
    VDAC2_Flwr.o                       124                 1
    Z_isr.o                             80
    cybootloader.o                            6 484
    cyfitter_cfg.o                   1 520    4 624
    cymetadata.o                                 64
    isr_LogicFunc.o                     84
    isr_SPIS_Rx.o                       80
    isr_Timer.o                         84
    main.o                             320
    --------------------------------------------------------
    Total:                          30 784   16 694    4 741

command line: [2]
    --------------------------------------------------------
    Total:

dl7M_tln.a: [3]
    exit.o                               4
    --------------------------------------------------------
    Total:                               4

m7M_tl.a: [4]
    DblAdd.o                           232
    DblCmpLe.o                          46
    DblDiv.o                           598
    DblMul.o                           418
    DblSub.o                           364
    DblToFlt.o                         144
    DblToI32.o                          76
    FltAdd.o                           132
    FltCmpEq.o                          28
    FltCmpGe.o                          36
    FltDiv.o                           252
    FltMul.o                           216
    FltSub.o                           214
    FltToDbl.o                          78
    FltToS32.o                          68
    FltToU32.o                          36
    I32ToDbl.o                          44
    I32ToFlt.o                          50
    --------------------------------------------------------
    Total:                           3 032

rt7M_tl.a: [5]
    ABImemcpy_unaligned.o              118
    ABImemset.o                        102
    cexit.o                             10
    cmain.o                             26
    cstartup_M.o                        12
    data_init.o                         40
    packbits_init_single.o              56
    zero_init3.o                        64
    --------------------------------------------------------
    Total:                             428

shb_l.a: [6]
    exit.o                              20
    --------------------------------------------------------
    Total:                              20

    Gaps                                20
    Linker created                               32   16 384
------------------------------------------------------------
    Grand Total:                    34 288   16 726   21 125


*******************************************************************************
*** ENTRY LIST
***

Entry                      Address    Size  Type      Object
-----                      -------    ----  ----      ------
.iar.init_table$$Base   0x0001ad14           --   Gb  - Linker created -
.iar.init_table$$Limit  0x0001ad34           --   Gb  - Linker created -
?main                   0x0001ac51          Code  Gb  cmain.o [5]
APPL$$Base              0x00010000           --   Gb  - Linker created -
APPL$$Limit             0x0001adb2           --   Gb  - Linker created -
AnalogOutput_Write      0x00012a95    0x32  Code  Gb  Analog_IO_Module_Handler.o [1]
AnalogSetDefault        0x0001a81f    0xf0  Code  Lc  cyfitter_cfg.o [1]
Analog_IO_ISRs_Relocate
                        0x0001276b    0x10  Code  Gb  Aanlog_IO_ISRs.o [1]
ApplicatorDripValveEnable
                        0x1fff924f     0x1  Data  Gb  Digital_IO_Module_Handler.o [1]
ApplicatorEnable        0x00016659    0x62  Code  Gb  Digital_IO_Module_Handler.o [1]
Applicator_Error_Handler
                        0x00013b45    0x34  Code  Gb  System_Handler.o [1]
Board_Type_Sel_Reg_Read
                        0x000141a7     0x8  Code  Gb  Board_Type_Sel_Reg.o [1]
Board_Type_Sel_Reg_Write
                        0x000141a1     0x6  Code  Gb  Board_Type_Sel_Reg.o [1]
Bootloadable_Load       0x00017e41     0xe  Code  Gb  Bootloadable.o [1]
Bounds4ID               0x1fff80f0    0x48  Data  Gb  Monitor_Module_Handler.o [1]
CCS1_Error_Handler      0x00013923   0x1d6  Code  Gb  System_Handler.o [1]
CCS1_Warning_Handler    0x00013af9     0x2  Code  Gb  System_Handler.o [1]
CSAB_1_Calibrate        0x00018677    0x28  Code  Gb  CSAB_1.o [1]
CSAB_1_DMAs_Config      0x0001869f   0x1c6  Code  Gb  CSAB_1.o [1]
CSAB_1_IsCurrent_ClearFIFO
                        0x00019115    0x12  Code  Gb  CSAB_1_IsCurrent.o [1]
CSAB_1_IsCurrent_Enable
                        0x000190f3     0xe  Code  Gb  CSAB_1_IsCurrent.o [1]
CSAB_1_IsCurrent_Init   0x00019087    0x6c  Code  Gb  CSAB_1_IsCurrent.o [1]
CSAB_1_IsCurrent_ReadCapture
                        0x00019147     0x8  Code  Gb  CSAB_1_IsCurrent.o [1]
CSAB_1_IsCurrent_ReadStatusRegister
                        0x0001913f     0x8  Code  Gb  CSAB_1_IsCurrent.o [1]
CSAB_1_IsCurrent_SetInterruptMode
                        0x00019139     0x6  Code  Gb  CSAB_1_IsCurrent.o [1]
CSAB_1_IsCurrent_Start  0x0001906d    0x1a  Code  Gb  CSAB_1_IsCurrent.o [1]
CSAB_1_IsCurrent_Stop   0x00019101     0xe  Code  Gb  CSAB_1_IsCurrent.o [1]
CSAB_1_IsCurrent_WriteCompare1
                        0x0001912d     0x6  Code  Gb  CSAB_1_IsCurrent.o [1]
CSAB_1_IsCurrent_WriteCompare2
                        0x00019133     0x6  Code  Gb  CSAB_1_IsCurrent.o [1]
CSAB_1_IsCurrent_WriteCounter
                        0x0001910f     0x6  Code  Gb  CSAB_1_IsCurrent.o [1]
CSAB_1_IsCurrent_WritePeriod
                        0x00019127     0x6  Code  Gb  CSAB_1_IsCurrent.o [1]
CSAB_1_IsCurrent_initVar
                        0x1fff924e     0x1  Data  Gb  CSAB_1_IsCurrent.o [1]
CSAB_1_Main_DMA_Chan    0x1fff9249     0x1  Data  Gb  CSAB_1.o [1]
CSAB_1_Main_DMA_DmaHandle
                        0x1fff814e     0x1  Data  Gb  CSAB_1_Main_DMA_dma.o [1]
CSAB_1_Main_DMA_DmaInitialize
                        0x0001917d    0x48  Code  Gb  CSAB_1_Main_DMA_dma.o [1]
CSAB_1_Peak_DMA_Chan    0x1fff924a     0x1  Data  Gb  CSAB_1.o [1]
CSAB_1_Peak_DMA_DmaHandle
                        0x1fff814f     0x1  Data  Gb  CSAB_1_Peak_DMA_dma.o [1]
CSAB_1_Peak_DMA_DmaInitialize
                        0x000191c9    0x48  Code  Gb  CSAB_1_Peak_DMA_dma.o [1]
CSAB_1_Peak_Data        0x1fff8f20    0xc8  Data  Gb  CSAB_1.o [1]
CSAB_1_Peak_Data_Buffer
                        0x1fff8e58    0xc8  Data  Gb  CSAB_1.o [1]
CSAB_1_Start            0x0001862d    0x3a  Code  Gb  CSAB_1.o [1]
CSAB_1_Stop             0x00018667    0x10  Code  Gb  CSAB_1.o [1]
CSAB_1_Store_Peak_DMA_Chan
                        0x1fff924c     0x1  Data  Gb  CSAB_1.o [1]
CSAB_1_Store_Peak_DMA_DmaHandle
                        0x1fff8150     0x1  Data  Gb  CSAB_1_Store_Peak_DMA_dma.o [1]
CSAB_1_Store_Peak_DMA_DmaInitialize
                        0x00019261    0x48  Code  Gb  CSAB_1_Store_Peak_DMA_dma.o [1]
CSAB_1_Store_Zero_DMA_Chan
                        0x1fff924d     0x1  Data  Gb  CSAB_1.o [1]
CSAB_1_Store_Zero_DMA_DmaHandle
                        0x1fff8151     0x1  Data  Gb  CSAB_1_Store_Zero_DMA_dma.o [1]
CSAB_1_Store_Zero_DMA_DmaInitialize
                        0x000192ad    0x48  Code  Gb  CSAB_1_Store_Zero_DMA_dma.o [1]
CSAB_1_Zero_DMA_Chan    0x1fff924b     0x1  Data  Gb  CSAB_1.o [1]
CSAB_1_Zero_DMA_DmaHandle
                        0x1fff8152     0x1  Data  Gb  CSAB_1_Zero_DMA_dma.o [1]
CSAB_1_Zero_DMA_DmaInitialize
                        0x00019215    0x48  Code  Gb  CSAB_1_Zero_DMA_dma.o [1]
CSAB_1_Zero_Data        0x1fff9044    0x28  Data  Gb  CSAB_1.o [1]
CSAB_1_Zero_Data_Buffer
                        0x1fff901c    0x28  Data  Gb  CSAB_1.o [1]
CSAB_1_initVar          0x1fff814d     0x1  Data  Gb  CSAB_1.o [1]
CSTACK$$Base            0x20004000           --   Gb  - Linker created -
CSTACK$$Limit           0x20008000           --   Gb  - Linker created -
CS_Always_OFF_Counter   0x1fff91f0     0x4  Data  Gb  Monitor_ISRs.o [1]
CS_Always_ON_Counter    0x1fff925e     0x1  Data  Gb  Monitor_ISRs.o [1]
CS_OverCurrent_EventCounter
                        0x1fff9266     0x1  Data  Gb  Monitor_Module_Handler.o [1]
CS_Required             0x1fff9265     0x1  Data  Gb  Monitor_Module_Handler.o [1]
CS_State                0x1fff9264     0x1  Data  Gb  Monitor_Module_Handler.o [1]
CS_WriteEnable          0x1fff9245     0x1  Data  Gb  Communications_Handler.o [1]
CYCONFIGCPY             0x0001a66f     0xc  Code  Lc  cyfitter_cfg.o [1]
CYCONFIGCPYCODE         0x0001a67b     0xc  Code  Lc  cyfitter_cfg.o [1]
CYMEMZERO               0x0001a661     0xe  Code  Lc  cyfitter_cfg.o [1]
CY_ECC_OFFSET {Abs}     0x00002000           --   Gb  command line/config [2]
CableID_ViolationQualifier
                        0x1fff9267     0x1  Data  Gb  Monitor_Module_Handler.o [1]
Cable_Count_To_ID       0x00017b8f    0x62  Code  Gb  Monitor_Module_Handler.o [1]
CalcTempr_InitVar       0x1fff927b     0x1  Data  Gb  Temperature_Module_Handler.o [1]
Calc_Cable_IDs          0x00017a71   0x11e  Code  Gb  Monitor_Module_Handler.o [1]
Calc_Currents           0x0001290d   0x188  Code  Gb  Analog_IO_Module_Handler.o [1]
Calc_Temperature        0x000189ad   0x3d2  Code  Gb  Temperature_Module_Handler.o [1]
Calc_Thermistor_Temperature
                        0x00012ac7    0x30  Code  Gb  Analog_IO_Module_Handler.o [1]
ClockSetup              0x0001a6bd   0x162  Code  Lc  cyfitter_cfg.o [1]
ConfigureSoftStartParameters
                        0x00016761    0x62  Code  Gb  Digital_IO_Module_Handler.o [1]
ConnectedRTDsBitfield   0x1fff927d     0x1  Data  Gb  Temperature_Module_Handler.o [1]
CurrentPwmValues        0x1fff91b8     0x8  Data  Gb  Digital_IO_Module_Handler.o [1]
CurrentRampTicks        0x1fff91c8     0x8  Data  Gb  Digital_IO_Module_Handler.o [1]
Current_Sensors_Analysis
                        0x00017749    0xea  Code  Gb  Monitor_Module_Handler.o [1]
Current_Sensors_GetRef  0x00017833   0x1a6  Code  Gb  Monitor_Module_Handler.o [1]
CurrentsWriteEnable     0x1fff9244     0x1  Data  Gb  Communications_Handler.o [1]
CyClockStartupError     0x0001a687     0x2  Code  Lc  cyfitter_cfg.o [1]
CyDelayCycles           0x0001001f          Code  Gb  CyBootAsmIar.o [1]
CyDelayUs               0x00015473    0x12  Code  Gb  CyLib.o [1]
CyDmaChDisable          0x00013f91    0x3c  Code  Gb  CyDmac.o [1]
CyDmaChEnable           0x00013f33    0x5e  Code  Gb  CyDmac.o [1]
CyDmaChPriority         0x00013fcd    0x2a  Code  Gb  CyDmac.o [1]
CyDmaChSetConfiguration
                        0x00014085    0x5e  Code  Gb  CyDmac.o [1]
CyDmaChSetExtendedAddress
                        0x00013ff7    0x4e  Code  Gb  CyDmac.o [1]
CyDmaChSetInitialTd     0x00014045    0x18  Code  Gb  CyDmac.o [1]
CyDmaChSetRequest       0x0001405d    0x28  Code  Gb  CyDmac.o [1]
CyDmaTdAllocate         0x000140e3    0x36  Code  Gb  CyDmac.o [1]
CyDmaTdCurrentNumber    0x1fff8153     0x1  Data  Lc  CyDmac.o [1]
CyDmaTdFreeIndex        0x1fff8154     0x1  Data  Lc  CyDmac.o [1]
CyDmaTdSetAddress       0x0001415d    0x2e  Code  Gb  CyDmac.o [1]
CyDmaTdSetConfiguration
                        0x00014119    0x44  Code  Gb  CyDmac.o [1]
CyDmacConfigure         0x00013efd    0x36  Code  Gb  CyDmac.o [1]
CyEnterCriticalSection  0x00010011          Code  Gb  CyBootAsmIar.o [1]
CyExitCriticalSection   0x00010019          Code  Gb  CyBootAsmIar.o [1]
CyIntSetPriority        0x00015515     0xe  Code  Gb  CyLib.o [1]
CyIntSetVector          0x000154f3    0x20  Code  Gb  CyLib.o [1]
CyRamVectors            0x1fff8000    0xc0  Data  Gb  Cm3Start.o [1]
CyResetStatus           0x1fff815f     0x1  Data  Gb  CyLib.o [1]
CySoftwareReset         0x00015461    0x12  Code  Gb  CyLib.o [1]
CyWdtClear              0x000154e9     0xa  Code  Gb  CyLib.o [1]
CyWdtStart              0x00015485    0x64  Code  Gb  CyLib.o [1]
DMA_RX_S_DmaHandle      0x1fff8156     0x1  Data  Gb  DMA_RX_S_dma.o [1]
DMA_RX_S_DmaInitialize  0x000175c9    0x48  Code  Gb  DMA_RX_S_dma.o [1]
DMA_TX_S_DmaHandle      0x1fff8157     0x1  Data  Gb  DMA_TX_S_dma.o [1]
DMA_TX_S_DmaInitialize  0x0001757d    0x48  Code  Gb  DMA_TX_S_dma.o [1]
DOD_Configuration       0x1fff91e4     0x4  Data  Gb  DOD_DigitalOutputsDriver.o [1]
DOD_Control_Reg_Read    0x00017f1b     0x8  Code  Gb  DOD_Control_Reg.o [1]
DOD_Control_Reg_Write   0x00017f15     0x6  Code  Gb  DOD_Control_Reg.o [1]
DOD_HB_PWMOut1_Write    0x00016ef5    0x70  Code  Gb  DOD_DigitalOutputsDriver.o [1]
DOD_HB_PWMOut2_Write    0x00016f65    0x70  Code  Gb  DOD_DigitalOutputsDriver.o [1]
DOD_OutConfig           0x00016a3f   0x2a4  Code  Gb  DOD_DigitalOutputsDriver.o [1]
DOD_PWMOut1_Write       0x00016e15    0x70  Code  Gb  DOD_DigitalOutputsDriver.o [1]
DOD_PWMOut2_Write       0x00016e85    0x70  Code  Gb  DOD_DigitalOutputsDriver.o [1]
DOD_PWM_1_Enable        0x000180fd    0x26  Code  Gb  DOD_PWM_1.o [1]
DOD_PWM_1_Init          0x00018083    0x7a  Code  Gb  DOD_PWM_1.o [1]
DOD_PWM_1_SetInterruptMode
                        0x00018133     0x6  Code  Gb  DOD_PWM_1.o [1]
DOD_PWM_1_Start         0x00018069    0x1a  Code  Gb  DOD_PWM_1.o [1]
DOD_PWM_1_WriteCompare  0x0001812b     0x8  Code  Gb  DOD_PWM_1.o [1]
DOD_PWM_1_WritePeriod   0x00018123     0x8  Code  Gb  DOD_PWM_1.o [1]
DOD_PWM_1_initVar       0x1fff9251     0x1  Data  Gb  DOD_PWM_1.o [1]
DOD_PWM_2_Enable        0x000181f5    0x26  Code  Gb  DOD_PWM_2.o [1]
DOD_PWM_2_Init          0x0001817b    0x7a  Code  Gb  DOD_PWM_2.o [1]
DOD_PWM_2_SetInterruptMode
                        0x0001822b     0x6  Code  Gb  DOD_PWM_2.o [1]
DOD_PWM_2_Start         0x00018161    0x1a  Code  Gb  DOD_PWM_2.o [1]
DOD_PWM_2_WriteCompare  0x00018223     0x8  Code  Gb  DOD_PWM_2.o [1]
DOD_PWM_2_WritePeriod   0x0001821b     0x8  Code  Gb  DOD_PWM_2.o [1]
DOD_PWM_2_initVar       0x1fff9252     0x1  Data  Gb  DOD_PWM_2.o [1]
DOD_PWM_3_Enable        0x000182ed    0x26  Code  Gb  DOD_PWM_3.o [1]
DOD_PWM_3_Init          0x00018273    0x7a  Code  Gb  DOD_PWM_3.o [1]
DOD_PWM_3_SetInterruptMode
                        0x00018323     0x6  Code  Gb  DOD_PWM_3.o [1]
DOD_PWM_3_Start         0x00018259    0x1a  Code  Gb  DOD_PWM_3.o [1]
DOD_PWM_3_WriteCompare  0x0001831b     0x8  Code  Gb  DOD_PWM_3.o [1]
DOD_PWM_3_WritePeriod   0x00018313     0x8  Code  Gb  DOD_PWM_3.o [1]
DOD_PWM_3_initVar       0x1fff9253     0x1  Data  Gb  DOD_PWM_3.o [1]
DOD_PWM_4_Enable        0x000183e5    0x26  Code  Gb  DOD_PWM_4.o [1]
DOD_PWM_4_Init          0x0001836b    0x7a  Code  Gb  DOD_PWM_4.o [1]
DOD_PWM_4_SetInterruptMode
                        0x0001841b     0x6  Code  Gb  DOD_PWM_4.o [1]
DOD_PWM_4_Start         0x00018351    0x1a  Code  Gb  DOD_PWM_4.o [1]
DOD_PWM_4_WriteCompare  0x00018413     0x8  Code  Gb  DOD_PWM_4.o [1]
DOD_PWM_4_WritePeriod   0x0001840b     0x8  Code  Gb  DOD_PWM_4.o [1]
DOD_PWM_4_initVar       0x1fff9254     0x1  Data  Gb  DOD_PWM_4.o [1]
DOD_PrISM_Enable        0x00017f7b     0x2  Code  Gb  DOD_PrISM.o [1]
DOD_PrISM_Init          0x00017f43    0x38  Code  Gb  DOD_PrISM.o [1]
DOD_PrISM_Start         0x00017f29    0x1a  Code  Gb  DOD_PrISM.o [1]
DOD_PrISM_WritePolynomial
                        0x00017f8d     0x6  Code  Gb  DOD_PrISM.o [1]
DOD_PrISM_WritePulse0   0x00017f93     0x6  Code  Gb  DOD_PrISM.o [1]
DOD_PrISM_WritePulse1   0x00017f99     0x6  Code  Gb  DOD_PrISM.o [1]
DOD_PrISM_WriteSeed     0x00017f7d    0x10  Code  Gb  DOD_PrISM.o [1]
DOD_PrISM_initVar       0x1fff9250     0x1  Data  Gb  DOD_PrISM.o [1]
DOD_SPWM_DC             0x1fff9255     0x1  Data  Gb  DOD_SPWM.o [1]
DOD_SPWM_Init           0x00017ff3    0x22  Code  Gb  DOD_SPWM.o [1]
DOD_SPWM_ParallelLoad_Write
                        0x00018ed1     0x6  Code  Gb  DOD_SPWM_ParallelLoad.o [1]
DOD_SPWM_SetMode        0x00018015    0x36  Code  Gb  DOD_SPWM.o [1]
DOD_SPWM_Write_DC       0x0001804b     0x6  Code  Gb  DOD_SPWM.o [1]
DOD_SPWM_isr_Load_Disable
                        0x00018f13     0x8  Code  Gb  DOD_SPWM_isr_Load.o [1]
DOD_SPWM_isr_Load_Enable
                        0x00018f0b     0x8  Code  Gb  DOD_SPWM_isr_Load.o [1]
DOD_SPWM_isr_Load_Interrupt
                        0x00018ef9     0x2  Code  Gb  DOD_SPWM_isr_Load.o [1]
DOD_SPWM_isr_Load_SetPriority
                        0x00018f03     0x8  Code  Gb  DOD_SPWM_isr_Load.o [1]
DOD_SPWM_isr_Load_SetVector
                        0x00018efb     0x8  Code  Gb  DOD_SPWM_isr_Load.o [1]
DOD_SPWM_isr_Load_Start
                        0x00018edd    0x1a  Code  Gb  DOD_SPWM_isr_Load.o [1]
DOD_SPWM_pwmMAP         0x1fff8160   0x7e4  Data  Gb  DOD_SPWM.o [1]
DOD_SPWM_spwmMAP        0x00011340   0x7e4  Data  Gb  DOD_SPWM.o [1]
DOD_SPWM_upwmMAP        0x00011b24   0x7e4  Data  Gb  DOD_SPWM.o [1]
DOD_SlowPWM1_Write      0x00016ce3    0xb2  Code  Gb  DOD_DigitalOutputsDriver.o [1]
DOD_SlowPWM2_Write      0x00016d95    0x80  Code  Gb  DOD_DigitalOutputsDriver.o [1]
DOD_Start               0x00016a1d    0x22  Code  Gb  DOD_DigitalOutputsDriver.o [1]
DSMDataWriteEnable      0x1fff927a     0x1  Data  Gb  Temperature_Module_Handler.o [1]
DSM_Config              0x1fff8158     0x1  Data  Gb  DSM.o [1]
DSM_CountsPerVolt       0x1fff91e8     0x4  Data  Gb  DSM.o [1]
DSM_DMADone_flag        0x1fff9279     0x1  Data  Gb  Temperature_Module_Handler.o [1]
DSM_DMA_Chan            0x1fff9278     0x1  Data  Gb  Temperature_Module_Handler.o [1]
DSM_DMA_Config          0x00018951    0x5c  Code  Gb  Temperature_Module_Handler.o [1]
DSM_DMA_DmaHandle       0x1fff8159     0x1  Data  Gb  DSM_DMA_dma.o [1]
DSM_DMA_DmaInitialize   0x000199ed    0x48  Code  Gb  DSM_DMA_dma.o [1]
DSM_DMA_Done            0x0001999d    0x26  Code  Gb  Temperature_ISRs.o [1]
DSM_Enable              0x000194cb   0x11a  Code  Gb  DSM.o [1]
DSM_Ext_CP_Clk_GetDividerRegister
                        0x0001a2d9     0x8  Code  Gb  DSM_Ext_CP_Clk.o [1]
DSM_Ext_CP_Clk_GetSourceRegister
                        0x0001a2f1     0xa  Code  Gb  DSM_Ext_CP_Clk.o [1]
DSM_Ext_CP_Clk_SetDividerRegister
                        0x0001a1ed    0xec  Code  Gb  DSM_Ext_CP_Clk.o [1]
DSM_Ext_CP_Clk_SetModeRegister
                        0x0001a2e1    0x10  Code  Gb  DSM_Ext_CP_Clk.o [1]
DSM_GainCompensation    0x000196ff    0xce  Code  Lc  DSM.o [1]
DSM_IRQ_Disable         0x0001993d     0xa  Code  Gb  DSM_IRQ.o [1]
DSM_ISR1                0x0001002f     0x2  Code  Gb  DSM_INT.o [1]
DSM_Init                0x000193dd    0xee  Code  Gb  DSM.o [1]
DSM_InitConfig          0x0001960d    0xf2  Code  Lc  DSM.o [1]
DSM_Sample              0x1fff90f4    0x14  Data  Gb  Temperature_Module_Handler.o [1]
DSM_SampleLatch         0x1fff9108    0x14  Data  Gb  Temperature_Module_Handler.o [1]
DSM_Sequencer_Enable    0x00013dad    0x12  Code  Gb  System_Handler.o [1]
DSM_Sequencer_SOC_Delay_ClearFIFO
                        0x0001a191    0x12  Code  Gb  DSM_Sequencer_SOC_Delay.o [1]
DSM_Sequencer_SOC_Delay_Enable
                        0x0001a17d     0xe  Code  Gb  DSM_Sequencer_SOC_Delay.o [1]
DSM_Sequencer_SOC_Delay_Init
                        0x0001a12b    0x52  Code  Gb  DSM_Sequencer_SOC_Delay.o [1]
DSM_Sequencer_SOC_Delay_ReadCapture
                        0x0001a1bd     0x8  Code  Gb  DSM_Sequencer_SOC_Delay.o [1]
DSM_Sequencer_SOC_Delay_ReadStatusRegister
                        0x0001a1b5     0x8  Code  Gb  DSM_Sequencer_SOC_Delay.o [1]
DSM_Sequencer_SOC_Delay_SetInterruptMode
                        0x0001a1af     0x6  Code  Gb  DSM_Sequencer_SOC_Delay.o [1]
DSM_Sequencer_SOC_Delay_SetPeriod
                        0x000193d1     0xa  Code  Gb  DSM_Sequencer_DSM_Sequencer.o [1]
DSM_Sequencer_SOC_Delay_Start
                        0x0001a111    0x1a  Code  Gb  DSM_Sequencer_SOC_Delay.o [1]
DSM_Sequencer_SOC_Delay_WriteCompare
                        0x0001a1a9     0x6  Code  Gb  DSM_Sequencer_SOC_Delay.o [1]
DSM_Sequencer_SOC_Delay_WriteCounter
                        0x0001a18b     0x6  Code  Gb  DSM_Sequencer_SOC_Delay.o [1]
DSM_Sequencer_SOC_Delay_WritePeriod
                        0x0001a1a3     0x6  Code  Gb  DSM_Sequencer_SOC_Delay.o [1]
DSM_Sequencer_SOC_Delay_initVar
                        0x1fff925b     0x1  Data  Gb  DSM_Sequencer_SOC_Delay.o [1]
DSM_Sequencer_Start     0x000193c9     0x8  Code  Gb  DSM_Sequencer_DSM_Sequencer.o [1]
DSM_SetDSMRef0Reg       0x000197cd    0x4e  Code  Lc  DSM.o [1]
DSM_Start               0x000195e5    0x28  Code  Gb  DSM.o [1]
DSM_convDone            0x1fff9257     0x1  Data  Gb  DSM.o [1]
DSM_gcor                0x1fff91ec     0x4  Data  Lc  DSM.o [1]
DSM_initVar             0x1fff9259     0x1  Data  Gb  DSM.o [1]
DSM_started             0x1fff925a     0x1  Data  Gb  DSM.o [1]
DSM_stopConversion      0x1fff9258     0x1  Data  Gb  DSM.o [1]
DSM_theACLK_GetDividerRegister
                        0x0001a409     0x8  Code  Gb  DSM_theACLK.o [1]
DSM_theACLK_GetSourceRegister
                        0x0001a421     0xa  Code  Gb  DSM_theACLK.o [1]
DSM_theACLK_SetDividerRegister
                        0x0001a31d    0xec  Code  Gb  DSM_theACLK.o [1]
DSM_theACLK_SetModeRegister
                        0x0001a411    0x10  Code  Gb  DSM_theACLK.o [1]
DigitalInputs_Read      0x0001654d   0x10c  Code  Gb  Digital_IO_Module_Handler.o [1]
DigitalOutputsForceWrite
                        0x000166bb    0xa6  Code  Gb  Digital_IO_Module_Handler.o [1]
DigitalOutputsWrite     0x000168b5    0xc6  Code  Gb  Digital_IO_Module_Handler.o [1]
Digital_input_1_Read    0x00017e55     0xc  Code  Gb  Digital_input_1.o [1]
Digital_input_2_Read    0x00017e65     0xc  Code  Gb  Digital_input_2.o [1]
Digital_input_3_Read    0x00017e75     0xc  Code  Gb  Digital_input_3.o [1]
Digital_input_4_Read    0x00017e85     0xc  Code  Gb  Digital_input_4.o [1]
Digital_input_5_Read    0x00017e95     0xc  Code  Gb  Digital_input_5.o [1]
Digital_input_6_Read    0x00017ea5     0xc  Code  Gb  Digital_input_6.o [1]
Dma_S_Rx_Configuration  0x000156b3    0x58  Code  Gb  Communications_Handler.o [1]
Dma_S_Tx_Configuration  0x00015625    0x8e  Code  Gb  Communications_Handler.o [1]
Enable_PID              0x1fff927f     0x1  Data  Gb  Temperature_Module_Handler.o [1]
ErrRegBitActvnArry      0x1fff9144    0x10  Data  Gb  System_Handler.o [1]
ErrorBitfield           0x1fff8140     0x4  Data  Gb  Temperature_Module_Handler.o [1]
ErrorCode               0x00013c2f    0xfa  Code  Gb  System_Handler.o [1]
ErrorFlashCode          0x1fff926f     0x1  Data  Gb  System_Handler.o [1]
ErrorFlashSequenc       0x0001231c   0x244  Data  Gb  System_Handler.o [1]
Error_Message           0x00013d2d    0x54  Code  Gb  System_Handler.o [1]
Ex_100ms_Tasks          0x000131ed     0x8  Code  Gb  System_Handler.o [1]
Ex_10ms_Tasks           0x00013163    0x8a  Code  Gb  System_Handler.o [1]
Ex_1ms_Tasks            0x00013125    0x3e  Code  Gb  System_Handler.o [1]
Ex_1s_Tasks             0x0001325d    0x7a  Code  Gb  System_Handler.o [1]
Ex_250ms_Tasks          0x000131f5    0x28  Code  Gb  System_Handler.o [1]
Ex_ConfigAnalogIO       0x00015e3d    0x4c  Code  Gb  Communications_Handler.o [1]
Ex_ConfigChannelType    0x00015e89    0x26  Code  Gb  Communications_Handler.o [1]
Ex_ConfigCurrentSensor  0x00015d5f    0x82  Code  Gb  Communications_Handler.o [1]
Ex_ConfigDigitalIO      0x00015de1    0x5c  Code  Gb  Communications_Handler.o [1]
Ex_ConfigTemperatureSensor
                        0x00015c15   0x14a  Code  Gb  Communications_Handler.o [1]
Ex_EmptyCommand         0x00015a73    0x14  Code  Gb  Communications_Handler.o [1]
Ex_EndBoardConfig       0x00015b5d    0x7c  Code  Gb  Communications_Handler.o [1]
Ex_GetCableID           0x00015acb    0x34  Code  Gb  Communications_Handler.o [1]
Ex_GetDeviceErrors      0x000161a9     0x2  Code  Gb  Communications_Handler.o [1]
Ex_GetDeviceWarnings    0x000161ab     0x2  Code  Gb  Communications_Handler.o [1]
Ex_GetErrors            0x00015bf9     0xe  Code  Gb  Communications_Handler.o [1]
Ex_GetPSoCversion       0x00015a87    0x42  Code  Gb  Communications_Handler.o [1]
Ex_GetStatus            0x00015aff     0xe  Code  Gb  Communications_Handler.o [1]
Ex_GetWarnings          0x00015c07     0xe  Code  Gb  Communications_Handler.o [1]
Ex_KeepAlive            0x00015ac9     0x2  Code  Gb  Communications_Handler.o [1]
Ex_ReadAnalogInputs     0x000161f1    0x2e  Code  Gb  Communications_Handler.o [1]
Ex_ReadAnalogsFeedbacksErrors
                        0x00016339    0x66  Code  Gb  Communications_Handler.o [1]
Ex_ReadBridgeCurrents   0x0001621f     0x2  Code  Gb  Communications_Handler.o [1]
Ex_ReadCurrentSensor    0x00016221    0x20  Code  Gb  Communications_Handler.o [1]
Ex_ReadDigitalInputs    0x00016245    0x10  Code  Gb  Communications_Handler.o [1]
Ex_ReadPWMs             0x000161d5    0x16  Code  Gb  Communications_Handler.o [1]
Ex_ReadSingleDevice     0x00015eb5   0x194  Code  Gb  Communications_Handler.o [1]
Ex_ReadTemperaturePacket
                        0x000162ad    0x8c  Code  Gb  Communications_Handler.o [1]
Ex_ReadTemperaturePwmDISensors
                        0x00016261    0x46  Code  Gb  Communications_Handler.o [1]
Ex_ReadTemperatureSensors
                        0x000161ad    0x24  Code  Gb  Communications_Handler.o [1]
Ex_ResetBoardToON       0x0001639f    0x14  Code  Gb  Communications_Handler.o [1]
Ex_ResetPSoC            0x00016491     0x2  Code  Gb  Communications_Handler.o [1]
Ex_SetErrorsMask        0x00015bd9    0x10  Code  Gb  Communications_Handler.o [1]
Ex_SetWarningsMask      0x00015be9    0x10  Code  Gb  Communications_Handler.o [1]
Ex_StartBoardConfig     0x00015b0d    0x50  Code  Gb  Communications_Handler.o [1]
Ex_StartBootloader      0x00016493     0x8  Code  Gb  Communications_Handler.o [1]
Ex_StartPSoCErrorRecovery
                        0x000163b3    0x4c  Code  Gb  Communications_Handler.o [1]
Ex_WriteMultipleDevice  0x000160f1    0xb4  Code  Gb  Communications_Handler.o [1]
Ex_WriteSingleDevice    0x00016075    0x72  Code  Gb  Communications_Handler.o [1]
ExecuteOutputRamp       0x0001686d    0x48  Code  Gb  Digital_IO_Module_Handler.o [1]
ExecuteRampStep         0x000167c3    0xaa  Code  Gb  Digital_IO_Module_Handler.o [1]
ExecuteSPISCommand      0x000158eb   0x188  Code  Gb  Communications_Handler.o [1]
FiltCountID             0x1fff918c     0xc  Data  Gb  Monitor_Module_Handler.o [1]
Find_Current_Peaks      0x000179d9    0x8a  Code  Gb  Monitor_Module_Handler.o [1]
GREEN_LED_Read          0x000169b3     0xc  Code  Gb  GREEN_LED.o [1]
GREEN_LED_Write         0x0001699d    0x16  Code  Gb  GREEN_LED.o [1]
Global_input_1_Read     0x00017eb5     0xa  Code  Gb  Global_input_1.o [1]
Global_input_2_Read     0x00017ec5     0xc  Code  Gb  Global_input_2.o [1]
Global_input_3_Read     0x00017ed5     0xc  Code  Gb  Global_input_3.o [1]
Global_input_4_Read     0x00017ee5     0xc  Code  Gb  Global_input_4.o [1]
[...]
Peak_Event_Flag         0x1fff9260     0x1  Data  Gb  Monitor_Module_Handler.o [1]
PeaksResults            0x1fff9200     0x4  Data  Gb  Monitor_Module_Handler.o [1]
PwrUp                   0x00017d9f    0x1e  Code  Gb  main.o [1]
RED_LED_Write           0x00016fdd    0x12  Code  Gb  RED_LED.o [1]
RTD_Configuration       0x1fff9220     0x4  Data  Gb  Temperature_Module_Handler.o [1]
RTD_GetTemperature      0x00019bbb    0x76  Code  Gb  RTD.o [1]
RTD_MultShift24         0x00019b71    0x4a  Code  Gb  RTD.o [1]
Read_HCP_Counter        0x00017a63     0xe  Code  Gb  Monitor_Module_Handler.o [1]
Region$$Table$$Base     0x0001ad14           --   Gb  - Linker created -
Region$$Table$$Limit    0x0001ad34           --   Gb  - Linker created -
RequestedPwmValues      0x1fff91c0     0x8  Data  Gb  Digital_IO_Module_Handler.o [1]
RequiredRTDsBitfield    0x1fff927c     0x1  Data  Gb  Temperature_Module_Handler.o [1]
SAR1DataWriteEnable     0x1fff923b     0x1  Data  Gb  Analog_IO_Module_Handler.o [1]
SAR1_AnlgIn_DMADone_flag
                        0x1fff923a     0x1  Data  Gb  Analog_IO_Module_Handler.o [1]
SAR1_AnlgIn_DMA_Config  0x000128bb    0x52  Code  Gb  Analog_IO_Module_Handler.o [1]
SAR1_AnlgIn_DMA_DmaHandle
                        0x1fff815a     0x1  Data  Gb  SAR1_AnlgIn_DMA_dma.o [1]
SAR1_AnlgIn_DMA_DmaInitialize
                        0x00013eb1    0x48  Code  Gb  SAR1_AnlgIn_DMA_dma.o [1]
SAR1_AnlgIn_DMA_Done    0x00012745    0x26  Code  Gb  Aanlog_IO_ISRs.o [1]
SAR1_CalcGain           0x00012f8f    0x46  Code  Lc  SAR1.o [1]
SAR1_Enable             0x00012ecd    0x96  Code  Gb  SAR1.o [1]
SAR1_Flwr_Enable        0x00012e09    0x26  Code  Gb  SAR1_Flwr.o [1]
SAR1_Flwr_Init          0x00012dd5    0x34  Code  Gb  SAR1_Flwr.o [1]
SAR1_Flwr_SetPower      0x00012e49    0x14  Code  Gb  SAR1_Flwr.o [1]
SAR1_Flwr_Start         0x00012e2f    0x1a  Code  Gb  SAR1_Flwr.o [1]
SAR1_Flwr_initVar       0x1fff926b     0x1  Data  Gb  SAR1_Flwr.o [1]
SAR1_IRQ_Disable        0x00013021     0xa  Code  Gb  SAR1_IRQ.o [1]
SAR1_ISR                0x0001280b     0x2  Code  Gb  SAR1_INT.o [1]
SAR1_Init               0x00012e9b    0x32  Code  Gb  SAR1.o [1]
SAR1_Sample             0x1fff8cc8    0xc8  Data  Gb  Analog_IO_Module_Handler.o [1]
SAR1_SampleLatch        0x1fff8d90    0xc8  Data  Gb  Analog_IO_Module_Handler.o [1]
SAR1_SetResolution      0x00012f63    0x2c  Code  Gb  SAR1.o [1]
SAR1_Start              0x00012e81    0x1a  Code  Gb  SAR1.o [1]
SAR1_countsPer10Volt    0x1fff920c     0x4  Data  Gb  SAR1.o [1]
SAR1_countsPerVolt      0x1fff922e     0x2  Data  Gb  SAR1.o [1]
SAR1_initVar            0x1fff926a     0x1  Data  Gb  SAR1.o [1]
SAR1_offset             0x1fff922c     0x2  Data  Gb  SAR1.o [1]
SAR1_shift              0x1fff9230     0x2  Data  Gb  SAR1.o [1]
SAR1_soc_Enable         0x00013dbf    0x12  Code  Gb  System_Handler.o [1]
SAR1_theACLK_SetModeRegister
                        0x0001544d    0x10  Code  Gb  SAR1_theACLK.o [1]
SAR2_CalcGain           0x000150e7    0x46  Code  Lc  SAR2.o [1]
SAR2_CountsTo_Volts     0x0001512d    0x42  Code  Gb  SAR2.o [1]
SAR2_Enable             0x00015025    0x96  Code  Gb  SAR2.o [1]
SAR2_Flwr_Enable        0x0001847d    0x26  Code  Gb  SAR2_Flwr.o [1]
SAR2_Flwr_Init          0x00018449    0x34  Code  Gb  SAR2_Flwr.o [1]
SAR2_Flwr_SetPower      0x000184bd    0x14  Code  Gb  SAR2_Flwr.o [1]
SAR2_Flwr_Start         0x000184a3    0x1a  Code  Gb  SAR2_Flwr.o [1]
SAR2_Flwr_initVar       0x1fff926d     0x1  Data  Gb  SAR2_Flwr.o [1]
SAR2_IDs_DMADone_flag   0x1fff925f     0x1  Data  Gb  Monitor_Module_Handler.o [1]
SAR2_IDs_DMA_Config     0x000176f3    0x56  Code  Gb  Monitor_Module_Handler.o [1]
SAR2_IDs_DMA_DmaHandle  0x1fff815b     0x1  Data  Gb  SAR2_IDs_DMA_dma.o [1]
SAR2_IDs_DMA_DmaInitialize
                        0x000185b1    0x48  Code  Gb  SAR2_IDs_DMA_dma.o [1]
SAR2_IDs_DMA_Done       0x00018505    0x28  Code  Gb  Monitor_ISRs.o [1]
SAR2_IDs_DataWriteEnable
                        0x1fff9262     0x1  Data  Gb  Monitor_Module_Handler.o [1]
SAR2_IDs_Sample         0x1fff8944   0x12c  Data  Gb  Monitor_Module_Handler.o [1]
SAR2_IDs_SampleLatch    0x1fff8a70   0x12c  Data  Gb  Monitor_Module_Handler.o [1]
SAR2_IRQ_Disable        0x000184f5     0xa  Code  Gb  SAR2_IRQ.o [1]
SAR2_ISR                0x0001544b     0x2  Code  Gb  SAR2_INT.o [1]
SAR2_Init               0x00014ff3    0x32  Code  Gb  SAR2.o [1]
SAR2_SetResolution      0x000150bb    0x2c  Code  Gb  SAR2.o [1]
SAR2_Start              0x00014fd9    0x1a  Code  Gb  SAR2.o [1]
SAR2_countsPer10Volt    0x1fff9210     0x4  Data  Gb  SAR2.o [1]
SAR2_countsPerVolt      0x1fff9234     0x2  Data  Gb  SAR2.o [1]
SAR2_initVar            0x1fff926c     0x1  Data  Gb  SAR2.o [1]
SAR2_offset             0x1fff9232     0x2  Data  Gb  SAR2.o [1]
SAR2_shift              0x1fff9236     0x2  Data  Gb  SAR2.o [1]
SAR2_soc_Enable         0x00013dd1    0x12  Code  Gb  System_Handler.o [1]
SAR2_theACLK_SetModeRegister
                        0x00017225    0x10  Code  Gb  SAR2_theACLK.o [1]
SPIS_ClearFIFO          0x0001751b    0x36  Code  Gb  SPIS.o [1]
SPIS_ClearRxBuffer      0x000174e3    0x12  Code  Gb  SPIS.o [1]
SPIS_ClearTxBuffer      0x000174f5    0x26  Code  Gb  SPIS.o [1]
SPIS_Comm_Disable       0x000157b9    0x46  Code  Gb  Communications_Handler.o [1]
SPIS_Comm_Enable        0x0001576b    0x4e  Code  Gb  Communications_Handler.o [1]
SPIS_Enable             0x0001745b    0x32  Code  Gb  SPIS.o [1]
SPIS_Init               0x00017439    0x22  Code  Gb  SPIS.o [1]
SPIS_ReadRxStatus       0x000174d5     0x8  Code  Gb  SPIS.o [1]
SPIS_ReadTxStatus       0x000174cd     0x8  Code  Gb  SPIS.o [1]
SPIS_Recover            0x0001570b    0x60  Code  Gb  Communications_Handler.o [1]
SPIS_RxParser           0x000157ff    0xc4  Code  Gb  Communications_Handler.o [1]
SPIS_Rx_ISR             0x0001553d    0x16  Code  Gb  Communications_Handler.o [1]
SPIS_Start              0x0001748d    0x1a  Code  Gb  SPIS.o [1]
SPIS_Stop               0x000174a7    0x26  Code  Gb  SPIS.o [1]
SPIS_WriteTxDataZero    0x000174dd     0x6  Code  Gb  SPIS.o [1]
SPIS_initVar            0x1fff926e     0x1  Data  Gb  SPIS.o [1]
SPI_Delay_Timer         0x1fff923c     0x1  Data  Gb  Communications_Handler.o [1]
SPI_Session             0x1fff9242     0x1  Data  Gb  Communications_Handler.o [1]
SSR_Temperature         0x1fff91d8     0x4  Data  Gb  Analog_IO_Module_Handler.o [1]
S_RxChannel             0x1fff923f     0x1  Data  Gb  Communications_Handler.o [1]
S_RxTD                  0x1fff9240     0x1  Data  Gb  Communications_Handler.o [1]
S_TxChannel             0x1fff923d     0x1  Data  Gb  Communications_Handler.o [1]
S_TxTD                  0x1fff9226     0x2  Data  Gb  Communications_Handler.o [1]
Safety_Relay_TurnOFF    0x00013d9d    0x10  Code  Gb  System_Handler.o [1]
Safety_Relay_TurnON     0x00013d8b    0x12  Code  Gb  System_Handler.o [1]
SoftMode_Error_Handler  0x00013b7d    0xac  Code  Gb  System_Handler.o [1]
SoftMode_Warning_Handler
                        0x00013c2d     0x2  Code  Gb  System_Handler.o [1]
StoredAnalogIn4MMCU     0x1fff91b0     0x8  Data  Gb  Analog_IO_Module_Handler.o [1]
StoredAnalogOut         0x1fff91dc     0x4  Data  Gb  Analog_IO_Module_Handler.o [1]
StoredCS4MMCU           0x1fff91d0     0x8  Data  Gb  Monitor_Module_Handler.o [1]
StoredDigiIn4MMCU       0x1fff91e0     0x4  Data  Gb  Digital_IO_Module_Handler.o [1]
StoredIDs4MMCU          0x1fff9208     0x4  Data  Gb  Monitor_Module_Handler.o [1]
StoredTemps4MMCU        0x1fff911c    0x14  Data  Gb  Temperature_Module_Handler.o [1]
SysStsBit_Handler       0x000133bd   0x14e  Code  Gb  System_Handler.o [1]
Sys_Global_Timer        0x1fff9214     0x4  Data  Gb  System_Handler.o [1]
SystemErrorReg_Write    0x000132e7    0x46  Code  Gb  System_Handler.o [1]
SystemState             0x1fff9198     0xc  Data  Gb  System_Handler.o [1]
SystemWarningReg_Write  0x0001332d    0x46  Code  Gb  System_Handler.o [1]
System_Control_Reg_Init
                        0x00013d81     0xa  Code  Gb  System_Handler.o [1]
System_Control_Reg_Read
                        0x00016ffb     0x8  Code  Gb  System_Control_Reg.o [1]
System_Control_Reg_Write
                        0x00016ff5     0x6  Code  Gb  System_Control_Reg.o [1]
System_Status_Reg_Init  0x0001304d    0x40  Code  Gb  System_Handler.o [1]
System_Status_Update    0x00013373    0x4a  Code  Gb  System_Handler.o [1]
Task_Indctr_VDAC_DacTrim
                        0x00018e97    0x16  Code  Gb  Task_Indctr_VDAC.o [1]
Task_Indctr_VDAC_Enable
                        0x00018e19    0x1a  Code  Gb  Task_Indctr_VDAC.o [1]
Task_Indctr_VDAC_Init   0x00018dfd    0x1c  Code  Gb  Task_Indctr_VDAC.o [1]
Task_Indctr_VDAC_SetRange
                        0x00018e6f    0x22  Code  Gb  Task_Indctr_VDAC.o [1]
Task_Indctr_VDAC_SetSpeed
                        0x00018e53    0x1c  Code  Gb  Task_Indctr_VDAC.o [1]
Task_Indctr_VDAC_SetValue
                        0x00018e91     0x6  Code  Gb  Task_Indctr_VDAC.o [1]
Task_Indctr_VDAC_Start  0x00018e33    0x20  Code  Gb  Task_Indctr_VDAC.o [1]
Task_Indctr_VDAC_initVar
                        0x1fff9277     0x1  Data  Gb  Task_Indctr_VDAC.o [1]
TempUpLimit             0x1fff9164    0x10  Data  Gb  Temperature_Module_Handler.o [1]
TemperatureWriteEnable  0x1fff9243     0x1  Data  Gb  Communications_Handler.o [1]
Temperature_ISRs_Relocate
                        0x000199c3    0x10  Code  Gb  Temperature_ISRs.o [1]
ThermistorInput         0x1fff9224     0x2  Data  Gb  Analog_IO_Module_Handler.o [1]
Thermistor_GetTemperature
                        0x00015365    0xb0  Code  Gb  Thermistor.o [1]
TimerIsr                0x0001308d    0x98  Code  Lc  System_Handler.o [1]
Tx_IntrpCntrl           0x1fff923e     0x1  Data  Gb  Communications_Handler.o [1]
Undefined_Error_Handler
                        0x0001350b   0x110  Code  Gb  System_Handler.o [1]
Undefined_Warning_Handler
                        0x0001361b     0x2  Code  Gb  System_Handler.o [1]
VDAC1_DacTrim           0x00012bcf    0x16  Code  Gb  VDAC1.o [1]
VDAC1_Enable            0x00012b51    0x1a  Code  Gb  VDAC1.o [1]
VDAC1_Flwr_Enable       0x00012c13    0x26  Code  Gb  VDAC1_Flwr.o [1]
VDAC1_Flwr_Init         0x00012c09     0xa  Code  Gb  VDAC1_Flwr.o [1]
VDAC1_Flwr_SetPower     0x00012c53    0x1c  Code  Gb  VDAC1_Flwr.o [1]
VDAC1_Flwr_Start        0x00012c39    0x1a  Code  Gb  VDAC1_Flwr.o [1]
VDAC1_Flwr_initVar      0x1fff9282     0x1  Data  Gb  VDAC1_Flwr.o [1]
VDAC1_Init              0x00012b35    0x1c  Code  Gb  VDAC1.o [1]
VDAC1_SetRange          0x00012ba7    0x22  Code  Gb  VDAC1.o [1]
VDAC1_SetSpeed          0x00012b8b    0x1c  Code  Gb  VDAC1.o [1]
VDAC1_SetValue          0x00012bc9     0x6  Code  Gb  VDAC1.o [1]
VDAC1_Start             0x00012b6b    0x20  Code  Gb  VDAC1.o [1]
VDAC1_initVar           0x1fff9281     0x1  Data  Gb  VDAC1.o [1]
VDAC2_DacTrim           0x00012d1f    0x16  Code  Gb  VDAC2.o [1]
VDAC2_Enable            0x00012ca1    0x1a  Code  Gb  VDAC2.o [1]
VDAC2_Flwr_Enable       0x00012d63    0x26  Code  Gb  VDAC2_Flwr.o [1]
VDAC2_Flwr_Init         0x00012d59     0xa  Code  Gb  VDAC2_Flwr.o [1]
VDAC2_Flwr_SetPower     0x00012da3    0x1c  Code  Gb  VDAC2_Flwr.o [1]
VDAC2_Flwr_Start        0x00012d89    0x1a  Code  Gb  VDAC2_Flwr.o [1]
VDAC2_Flwr_initVar      0x1fff9284     0x1  Data  Gb  VDAC2_Flwr.o [1]
VDAC2_Init              0x00012c85    0x1c  Code  Gb  VDAC2.o [1]
VDAC2_SetRange          0x00012cf7    0x22  Code  Gb  VDAC2.o [1]
VDAC2_SetSpeed          0x00012cdb    0x1c  Code  Gb  VDAC2.o [1]
VDAC2_SetValue          0x00012d19     0x6  Code  Gb  VDAC2.o [1]
VDAC2_Start             0x00012cbb    0x20  Code  Gb  VDAC2.o [1]
VDAC2_initVar           0x1fff9283     0x1  Data  Gb  VDAC2.o [1]
Vsupply                 0x1fff9204     0x4  Data  Gb  Monitor_Module_Handler.o [1]
WarnBitfield            0x1fff813c     0x4  Data  Gb  Temperature_Module_Handler.o [1]
WrnRegBitActvnArry      0x1fff9154    0x10  Data  Gb  System_Handler.o [1]
Z_isr_Disable           0x00019053     0x8  Code  Gb  Z_isr.o [1]
Z_isr_Enable            0x0001904b     0x8  Code  Gb  Z_isr.o [1]
Z_isr_Interrupt         0x00019039     0x2  Code  Gb  Z_isr.o [1]
Z_isr_SetPriority       0x00019043     0x8  Code  Gb  Z_isr.o [1]
Z_isr_SetVector         0x0001903b     0x8  Code  Gb  Z_isr.o [1]
Z_isr_Start             0x0001901d    0x1a  Code  Gb  Z_isr.o [1]
ZeroLevel               0x1fff922a     0x2  Data  Gb  Monitor_Module_Handler.o [1]
Zero_Event              0x00018547     0x8  Code  Gb  Monitor_ISRs.o [1]
Zero_Event_Flag         0x1fff9261     0x1  Data  Gb  Monitor_Module_Handler.o [1]
__aeabi_cdcmple         0x000185fd          Code  Gb  DblCmpLe.o [4]
__aeabi_cfcmpeq         0x00018891          Code  Gb  FltCmpEq.o [4]
__aeabi_cfrcmple        0x00014fb5          Code  Gb  FltCmpGe.o [4]
__aeabi_d2f             0x00019e91          Code  Gb  DblToFlt.o [4]
__aeabi_d2iz            0x000171d9          Code  Gb  DblToI32.o [4]
__aeabi_dadd            0x00019a89          Code  Gb  DblAdd.o [4]
__aeabi_ddiv            0x00019c39          Code  Gb  DblDiv.o [4]
__aeabi_dmul            0x00017035          Code  Gb  DblMul.o [4]
__aeabi_f2d             0x00019a39          Code  Gb  FltToDbl.o [4]
__aeabi_f2iz            0x00017cbd          Code  Gb  FltToS32.o [4]
__aeabi_f2uiz           0x00015341          Code  Gb  FltToU32.o [4]
__aeabi_fadd            0x000152bd          Code  Gb  FltAdd.o [4]
__aeabi_fdiv            0x000151c1          Code  Gb  FltDiv.o [4]
__aeabi_fmul            0x00017239          Code  Gb  FltMul.o [4]
__aeabi_i2d             0x00017009          Code  Gb  I32ToDbl.o [4]
__aeabi_i2f             0x00015419          Code  Gb  I32ToFlt.o [4]
__aeabi_memset          0x0001649d          Code  Gb  ABImemset.o [5]
__aeabi_ui2f            0x0001542d          Code  Gb  I32ToFlt.o [4]
__cmain                 0x0001ac51          Code  Gb  cmain.o [5]
__exit                  0x0001ac7d    0x14  Code  Gb  exit.o [6]
__iar_Memset            0x0001649d          Code  Gb  ABImemset.o [5]
__iar_Memset_word       0x000164a5          Code  Gb  ABImemset.o [5]
__iar_d2uiz             0x00017205          Code  Gb  DblToI32.o [4]
__iar_dadd              0x00019a9d          Code  Gb  DblAdd.o [4]
__iar_data_init3        0x0001a639    0x28  Code  Gb  data_init.o [5]
__iar_dsub              0x0001a44d          Code  Gb  DblSub.o [4]
__iar_dsubStart         0x0001a45f          Code  Gb  DblSub.o [4]
__iar_fadd              0x000152cd          Code  Gb  FltAdd.o [4]
__iar_fsub              0x00017311          Code  Gb  FltSub.o [4]
__iar_fsubStart         0x00017321          Code  Gb  FltSub.o [4]
__iar_packbits_init_single3
                        0x0001acdd    0x38  Code  Gb  packbits_init_single.o [5]
__iar_program_start     0x0001ac91          Code  Gb  cstartup_M.o [5]
__iar_ui2d              0x0001701d          Code  Gb  I32ToDbl.o [4]
__iar_ui2f              0x00015431          Code  Gb  I32ToFlt.o [4]
__iar_unaligned___aeabi_memcpy
                        0x00012795          Code  Gb  ABImemcpy_unaligned.o [5]
__iar_unaligned___aeabi_memcpy4
                        0x000127b5          Code  Gb  ABImemcpy_unaligned.o [5]
__iar_unaligned___aeabi_memcpy8
                        0x000127b5          Code  Gb  ABImemcpy_unaligned.o [5]
__iar_zero_init3        0x0001ac9d    0x40  Code  Gb  zero_init3.o [5]
__low_level_init        0x0001a5bb     0xe  Code  Gb  Cm3Start.o [1]
__vector_table          0x00010000    0x10  Data  Gb  Cm3Start.o [1]
_call_main              0x0001ac5d          Code  Gb  cmain.o [5]
_exit                   0x0001ac71          Code  Gb  cexit.o [5]
_main                   0x0001ac67          Code  Gb  cmain.o [5]
cfg_write_bytes32       0x0001a689    0x34  Code  Lc  cyfitter_cfg.o [1]
checkForLiquidTimeout   0x0001321d    0x26  Code  Gb  System_Handler.o [1]
crcTable                0x00010030   0x100  Data  Gb  Communications_Handler.o [1]
crc_8ATM                0x000158c3    0x28  Code  Gb  Communications_Handler.o [1]
crc_Errors_Counter      0x1fff9247     0x1  Data  Gb  Communications_Handler.o [1]
cy_bootloader           0x00000000  0x1800  Data  Gb  cybootloader.o [1]
cy_meta_custnvl         0x90000000     0x4  Data  Gb  cybootloader.o [1]
cy_meta_flashprotect    0x90400000   0x100  Data  Gb  cybootloader.o [1]
cy_meta_loadable        0x0003ffc0    0x40  Data  Gb  cymetadata.o [1]
cy_meta_loader          0xf0000000    0x40  Data  Gb  cybootloader.o [1]
cy_meta_wonvl           0x90100000     0x4  Data  Gb  cybootloader.o [1]
cy_metadata             0x90500000     0xc  Data  Gb  cybootloader.o [1]
cydelay_freq_mhz        0x1fff8155     0x1  Data  Gb  CyLib.o [1]
cyfitter_cfg            0x0001a911   0x16e  Code  Gb  cyfitter_cfg.o [1]
exit                    0x0001ac6b     0x4  Code  Gb  exit.o [3]
incrementLiquidTimer    0x00013243    0x1a  Code  Gb  System_Handler.o [1]
initialize_psoc         0x0001a5c9    0x4a  Code  Gb  Cm3Start.o [1]
isr_LogicFunc_Disable   0x00017ca1     0xa  Code  Gb  isr_LogicFunc.o [1]
isr_LogicFunc_Enable    0x00017c97     0xa  Code  Gb  isr_LogicFunc.o [1]
isr_LogicFunc_Interrupt
                        0x00017c85     0x2  Code  Gb  isr_LogicFunc.o [1]
isr_LogicFunc_SetPriority
                        0x00017c8f     0x8  Code  Gb  isr_LogicFunc.o [1]
isr_LogicFunc_SetVector
                        0x00017c87     0x8  Code  Gb  isr_LogicFunc.o [1]
isr_LogicFunc_Start     0x00017c69    0x1a  Code  Gb  isr_LogicFunc.o [1]
isr_SPIS_Rx_Disable     0x0001741f     0x8  Code  Gb  isr_SPIS_Rx.o [1]
isr_SPIS_Rx_Enable      0x00017417     0x8  Code  Gb  isr_SPIS_Rx.o [1]
isr_SPIS_Rx_Interrupt   0x00017405     0x2  Code  Gb  isr_SPIS_Rx.o [1]
isr_SPIS_Rx_SetPriority
                        0x0001740f     0x8  Code  Gb  isr_SPIS_Rx.o [1]
isr_SPIS_Rx_SetVector   0x00017407     0x8  Code  Gb  isr_SPIS_Rx.o [1]
isr_SPIS_Rx_Start       0x000173e9    0x1a  Code  Gb  isr_SPIS_Rx.o [1]
isr_Timer_Disable       0x00016a01     0xa  Code  Gb  isr_Timer.o [1]
isr_Timer_Enable        0x000169f7     0xa  Code  Gb  isr_Timer.o [1]
isr_Timer_Interrupt     0x000169e5     0x2  Code  Gb  isr_Timer.o [1]
isr_Timer_SetPriority   0x000169ef     0x8  Code  Gb  isr_Timer.o [1]
isr_Timer_SetVector     0x000169e7     0x8  Code  Gb  isr_Timer.o [1]
isr_Timer_Start         0x000169c9    0x1a  Code  Gb  isr_Timer.o [1]
main                    0x00017d01    0x9e  Code  Gb  main.o [1]
mean                    0x00014223    0x28  Code  Gb  DSP.o [1]
medfilt25               0x0001472d   0x888  Code  Gb  DSP.o [1]
medfilt3                0x0001424b    0x48  Code  Gb  DSP.o [1]
medfilt5                0x00014293    0xa0  Code  Gb  DSP.o [1]
medfilt6                0x00014333   0x128  Code  Gb  DSP.o [1]
medfilt7                0x00014461   0x124  Code  Gb  DSP.o [1]
medfilt9                0x00014585   0x1a8  Code  Gb  DSP.o [1]
p_rxBuffer              0x1fff80e8     0x4  Data  Gb  Communications_Handler.o [1]
p_txBuffer              0x1fff80ec     0x4  Data  Gb  Communications_Handler.o [1]
s_rxBuffer              0x1fff90b4    0x20  Data  Gb  Communications_Handler.o [1]
s_txBuffer              0x1fff9094    0x20  Data  Gb  Communications_Handler.o [1]
tempRequiredRTDConfiguration
                        0x1fff9248     0x1  Data  Gb  Communications_Handler.o [1]


[1] = C:\projects\Spitfire\Embedded\Dev\PSS-PSoC\FEC2_PSoC_V02_prjct.cydsn\Debug\Obj
[2] = command line
[3] = dl7M_tln.a
[4] = m7M_tl.a
[5] = rt7M_tl.a
[6] = shb_l.a

  34 288 bytes of readonly  code memory
  16 726 bytes of readonly  data memory
  21 125 bytes of readwrite data memory

Errors: none
Warnings: none
